May  4 15:22:07 ol8 kernel: Linux version 5.15.0-3.60.5.1.el8uek.x86_64 (mockbuild@host-100-100-224-11) (gcc (GCC) 11.2.1 20220127 (Red Hat 11.2.1-9.1.0.2), GNU ld version 2.36.1-2.0.1.el8) #2 SMP Wed Oct 19 20:04:48 PDT 2022
May  4 15:22:07 ol8 kernel: Command line: BOOT_IMAGE=(hd0,msdos1)/vmlinuz-5.15.0-3.60.5.1.el8uek.x86_64 root=/dev/mapper/ol-root ro resume=/dev/mapper/ol-swap rd.lvm.lv=ol/root rd.lvm.lv=ol/swap rhgb quiet
May  4 15:22:07 ol8 kernel: x86/fpu: x87 FPU will use FXSAVE
May  4 15:22:07 ol8 kernel: signal: max sigframe size: 1440
May  4 15:22:07 ol8 kernel: BIOS-provided physical RAM map:
May  4 15:22:07 ol8 kernel: BIOS-e820: [mem 0x0000000000000000-0x000000000009fbff] usable
May  4 15:22:07 ol8 kernel: BIOS-e820: [mem 0x000000000009fc00-0x000000000009ffff] reserved
May  4 15:22:07 ol8 kernel: BIOS-e820: [mem 0x00000000000f0000-0x00000000000fffff] reserved
May  4 15:22:07 ol8 kernel: BIOS-e820: [mem 0x0000000000100000-0x00000000dffeffff] usable
May  4 15:22:07 ol8 kernel: BIOS-e820: [mem 0x00000000dfff0000-0x00000000dfffffff] ACPI data
May  4 15:22:07 ol8 kernel: BIOS-e820: [mem 0x00000000fec00000-0x00000000fec00fff] reserved
May  4 15:22:07 ol8 kernel: BIOS-e820: [mem 0x00000000fee00000-0x00000000fee00fff] reserved
May  4 15:22:07 ol8 kernel: BIOS-e820: [mem 0x00000000fffc0000-0x00000000ffffffff] reserved
May  4 15:22:07 ol8 kernel: BIOS-e820: [mem 0x0000000100000000-0x000000021fffffff] usable
May  4 15:22:07 ol8 kernel: NX (Execute Disable) protection: active
May  4 15:22:07 ol8 kernel: SMBIOS 2.5 present.
May  4 15:22:07 ol8 kernel: DMI: innotek GmbH VirtualBox/VirtualBox, BIOS VirtualBox 12/01/2006
May  4 15:22:07 ol8 kernel: Hypervisor detected: KVM
May  4 15:22:07 ol8 kernel: kvm-clock: Using msrs 4b564d01 and 4b564d00
May  4 15:22:07 ol8 kernel: kvm-clock: cpu 0, msr a201001, primary cpu clock
May  4 15:22:07 ol8 kernel: kvm-clock: using sched offset of 1176716081194 cycles
May  4 15:22:07 ol8 kernel: clocksource: kvm-clock: mask: 0xffffffffffffffff max_cycles: 0x1cd42e4dffb, max_idle_ns: 881590591483 ns
May  4 15:22:07 ol8 kernel: tsc: Detected 2496.010 MHz processor
May  4 15:22:07 ol8 kernel: last_pfn = 0x220000 max_arch_pfn = 0x400000000
May  4 15:22:07 ol8 kernel: Disabled
May  4 15:22:07 ol8 kernel: x86/PAT: MTRRs disabled, skipping PAT initialization too.
May  4 15:22:07 ol8 kernel: CPU MTRRs all blank - virtualized system.
May  4 15:22:07 ol8 kernel: x86/PAT: Configuration [0-7]: WB  WT  UC- UC  WB  WT  UC- UC  
May  4 15:22:07 ol8 kernel: last_pfn = 0xdfff0 max_arch_pfn = 0x400000000
May  4 15:22:07 ol8 kernel: found SMP MP-table at [mem 0x0009fff0-0x0009ffff]
May  4 15:22:07 ol8 kernel: RAMDISK: [mem 0x31b4f000-0x34d9ffff]
May  4 15:22:07 ol8 kernel: ACPI: Early table checksum verification disabled
May  4 15:22:07 ol8 kernel: ACPI: RSDP 0x00000000000E0000 000024 (v02 VBOX  )
May  4 15:22:07 ol8 kernel: ACPI: XSDT 0x00000000DFFF0030 00003C (v01 VBOX   VBOXXSDT 00000001 ASL  00000061)
May  4 15:22:07 ol8 kernel: ACPI: FACP 0x00000000DFFF00F0 0000F4 (v04 VBOX   VBOXFACP 00000001 ASL  00000061)
May  4 15:22:07 ol8 kernel: ACPI: DSDT 0x00000000DFFF0630 002353 (v02 VBOX   VBOXBIOS 00000002 INTL 20100528)
May  4 15:22:07 ol8 kernel: ACPI: FACS 0x00000000DFFF0200 000040
May  4 15:22:07 ol8 kernel: ACPI: FACS 0x00000000DFFF0200 000040
May  4 15:22:07 ol8 kernel: ACPI: APIC 0x00000000DFFF0240 000074 (v02 VBOX   VBOXAPIC 00000001 ASL  00000061)
May  4 15:22:07 ol8 kernel: ACPI: SSDT 0x00000000DFFF02C0 00036C (v01 VBOX   VBOXCPUT 00000002 INTL 20100528)
May  4 15:22:07 ol8 kernel: ACPI: Reserving FACP table memory at [mem 0xdfff00f0-0xdfff01e3]
May  4 15:22:07 ol8 kernel: ACPI: Reserving DSDT table memory at [mem 0xdfff0630-0xdfff2982]
May  4 15:22:07 ol8 kernel: ACPI: Reserving FACS table memory at [mem 0xdfff0200-0xdfff023f]
May  4 15:22:07 ol8 kernel: ACPI: Reserving FACS table memory at [mem 0xdfff0200-0xdfff023f]
May  4 15:22:07 ol8 kernel: ACPI: Reserving APIC table memory at [mem 0xdfff0240-0xdfff02b3]
May  4 15:22:07 ol8 kernel: ACPI: Reserving SSDT table memory at [mem 0xdfff02c0-0xdfff062b]
May  4 15:22:07 ol8 kernel: No NUMA configuration found
May  4 15:22:07 ol8 kernel: Faking a node at [mem 0x0000000000000000-0x000000021fffffff]
May  4 15:22:07 ol8 kernel: NODE_DATA(0) allocated [mem 0x21ffd1000-0x21fffbfff]
May  4 15:22:07 ol8 kernel: Zone ranges:
May  4 15:22:07 ol8 kernel:  DMA      [mem 0x0000000000001000-0x0000000000ffffff]
May  4 15:22:07 ol8 kernel:  DMA32    [mem 0x0000000001000000-0x00000000ffffffff]
May  4 15:22:07 ol8 kernel:  Normal   [mem 0x0000000100000000-0x000000021fffffff]
May  4 15:22:07 ol8 kernel:  Device   empty
May  4 15:22:07 ol8 kernel: Movable zone start for each node
May  4 15:22:07 ol8 kernel: Early memory node ranges
May  4 15:22:07 ol8 kernel:  node   0: [mem 0x0000000000001000-0x000000000009efff]
May  4 15:22:07 ol8 kernel:  node   0: [mem 0x0000000000100000-0x00000000dffeffff]
May  4 15:22:07 ol8 kernel:  node   0: [mem 0x0000000100000000-0x000000021fffffff]
May  4 15:22:07 ol8 kernel: Initmem setup node 0 [mem 0x0000000000001000-0x000000021fffffff]
May  4 15:22:07 ol8 kernel: On node 0, zone DMA: 1 pages in unavailable ranges
May  4 15:22:07 ol8 kernel: On node 0, zone DMA: 97 pages in unavailable ranges
May  4 15:22:07 ol8 kernel: On node 0, zone Normal: 16 pages in unavailable ranges
May  4 15:22:07 ol8 kernel: ACPI: PM-Timer IO Port: 0x4008
May  4 15:22:07 ol8 kernel: IOAPIC[0]: apic_id 5, version 32, address 0xfec00000, GSI 0-23
May  4 15:22:07 ol8 kernel: ACPI: INT_SRC_OVR (bus 0 bus_irq 0 global_irq 2 dfl dfl)
May  4 15:22:07 ol8 kernel: ACPI: INT_SRC_OVR (bus 0 bus_irq 9 global_irq 9 low level)
May  4 15:22:07 ol8 kernel: ACPI: Using ACPI (MADT) for SMP configuration information
May  4 15:22:07 ol8 kernel: smpboot: Allowing 5 CPUs, 0 hotplug CPUs
May  4 15:22:07 ol8 kernel: PM: hibernation: Registered nosave memory: [mem 0x00000000-0x00000fff]
May  4 15:22:07 ol8 kernel: PM: hibernation: Registered nosave memory: [mem 0x0009f000-0x0009ffff]
May  4 15:22:07 ol8 kernel: PM: hibernation: Registered nosave memory: [mem 0x000a0000-0x000effff]
May  4 15:22:07 ol8 kernel: PM: hibernation: Registered nosave memory: [mem 0x000f0000-0x000fffff]
May  4 15:22:07 ol8 kernel: PM: hibernation: Registered nosave memory: [mem 0xdfff0000-0xdfffffff]
May  4 15:22:07 ol8 kernel: PM: hibernation: Registered nosave memory: [mem 0xe0000000-0xfebfffff]
May  4 15:22:07 ol8 kernel: PM: hibernation: Registered nosave memory: [mem 0xfec00000-0xfec00fff]
May  4 15:22:07 ol8 kernel: PM: hibernation: Registered nosave memory: [mem 0xfec01000-0xfedfffff]
May  4 15:22:07 ol8 kernel: PM: hibernation: Registered nosave memory: [mem 0xfee00000-0xfee00fff]
May  4 15:22:07 ol8 kernel: PM: hibernation: Registered nosave memory: [mem 0xfee01000-0xfffbffff]
May  4 15:22:07 ol8 kernel: PM: hibernation: Registered nosave memory: [mem 0xfffc0000-0xffffffff]
May  4 15:22:07 ol8 kernel: [mem 0xe0000000-0xfebfffff] available for PCI devices
May  4 15:22:07 ol8 kernel: Booting paravirtualized kernel on KVM
May  4 15:22:07 ol8 kernel: clocksource: refined-jiffies: mask: 0xffffffff max_cycles: 0xffffffff, max_idle_ns: 1910969940391419 ns
May  4 15:22:07 ol8 kernel: setup_percpu: NR_CPUS:8192 nr_cpumask_bits:5 nr_cpu_ids:5 nr_node_ids:1
May  4 15:22:07 ol8 kernel: percpu: Embedded 62 pages/cpu s217088 r8192 d28672 u1048576
May  4 15:22:07 ol8 kernel: kvm-guest: PV spinlocks enabled
May  4 15:22:07 ol8 kernel: PV qspinlock hash table entries: 256 (order: 0, 4096 bytes, linear)
May  4 15:22:07 ol8 kernel: Built 1 zonelists, mobility grouping on.  Total pages: 2064112
May  4 15:22:07 ol8 kernel: Policy zone: Normal
May  4 15:22:07 ol8 kernel: Kernel command line: BOOT_IMAGE=(hd0,msdos1)/vmlinuz-5.15.0-3.60.5.1.el8uek.x86_64 root=/dev/mapper/ol-root ro resume=/dev/mapper/ol-swap rd.lvm.lv=ol/root rd.lvm.lv=ol/swap rhgb quiet
May  4 15:22:07 ol8 kernel: Unknown kernel command line parameters "rhgb BOOT_IMAGE=(hd0,msdos1)/vmlinuz-5.15.0-3.60.5.1.el8uek.x86_64", will be passed to user space.
May  4 15:22:07 ol8 kernel: Dentry cache hash table entries: 1048576 (order: 11, 8388608 bytes, linear)
May  4 15:22:07 ol8 kernel: Inode-cache hash table entries: 524288 (order: 10, 4194304 bytes, linear)
May  4 15:22:07 ol8 kernel: mem auto-init: stack:all(zero), heap alloc:off, heap free:off
May  4 15:22:07 ol8 kernel: Memory: 3629364K/8388152K available (16392K kernel code, 6100K rwdata, 12328K rodata, 3136K init, 6292K bss, 324828K reserved, 0K cma-reserved)
May  4 15:22:07 ol8 kernel: SLUB: HWalign=64, Order=0-3, MinObjects=0, CPUs=5, Nodes=1
May  4 15:22:07 ol8 kernel: ftrace: allocating 48151 entries in 189 pages
May  4 15:22:07 ol8 kernel: ftrace: allocated 189 pages with 6 groups
May  4 15:22:07 ol8 kernel: rcu: Hierarchical RCU implementation.
May  4 15:22:07 ol8 kernel: rcu: #011RCU restricting CPUs from NR_CPUS=8192 to nr_cpu_ids=5.
May  4 15:22:07 ol8 kernel: #011Rude variant of Tasks RCU enabled.
May  4 15:22:07 ol8 kernel: #011Tracing variant of Tasks RCU enabled.
May  4 15:22:07 ol8 kernel: rcu: RCU calculated value of scheduler-enlistment delay is 100 jiffies.
May  4 15:22:07 ol8 kernel: rcu: Adjusting geometry for rcu_fanout_leaf=16, nr_cpu_ids=5
May  4 15:22:07 ol8 kernel: NR_IRQS: 524544, nr_irqs: 464, preallocated irqs: 16
May  4 15:22:07 ol8 kernel: Console: colour VGA+ 80x25
May  4 15:22:07 ol8 kernel: printk: console [tty0] enabled
May  4 15:22:07 ol8 kernel: ACPI: Core revision 20210730
May  4 15:22:07 ol8 kernel: APIC: Switch to symmetric I/O mode setup
May  4 15:22:07 ol8 kernel: ..TIMER: vector=0x30 apic1=0 pin1=2 apic2=-1 pin2=-1
May  4 15:22:07 ol8 kernel: clocksource: tsc-early: mask: 0xffffffffffffffff max_cycles: 0x23fa80a809f, max_idle_ns: 440795273818 ns
May  4 15:22:07 ol8 kernel: Calibrating delay loop (skipped) preset value.. 4992.02 BogoMIPS (lpj=2496010)
May  4 15:22:07 ol8 kernel: pid_max: default: 32768 minimum: 301
May  4 15:22:07 ol8 kernel: LSM: Security Framework initializing
May  4 15:22:07 ol8 kernel: Yama: becoming mindful.
May  4 15:22:07 ol8 kernel: SELinux:  Initializing.
May  4 15:22:07 ol8 kernel: Mount-cache hash table entries: 16384 (order: 5, 131072 bytes, linear)
May  4 15:22:07 ol8 kernel: Mountpoint-cache hash table entries: 16384 (order: 5, 131072 bytes, linear)
May  4 15:22:07 ol8 kernel: Last level iTLB entries: 4KB 0, 2MB 0, 4MB 0
May  4 15:22:07 ol8 kernel: Last level dTLB entries: 4KB 0, 2MB 0, 4MB 0, 1GB 0
May  4 15:22:07 ol8 kernel: Spectre V1 : Mitigation: usercopy/swapgs barriers and __user pointer sanitization
May  4 15:22:07 ol8 kernel: Spectre V2 : Mitigation: Enhanced IBRS
May  4 15:22:07 ol8 kernel: Spectre V2 : Spectre v2 / SpectreRSB mitigation: Filling RSB on context switch
May  4 15:22:07 ol8 kernel: Spectre V2 : Spectre v2 / PBRSB-eIBRS: Retire a single CALL on VMEXIT
May  4 15:22:07 ol8 kernel: RETBleed: Mitigation: Enhanced IBRS
May  4 15:22:07 ol8 kernel: Speculative Store Bypass: Vulnerable
May  4 15:22:07 ol8 kernel: Freeing SMP alternatives memory: 40K
May  4 15:22:07 ol8 kernel: smpboot: CPU0: 12th Gen Intel(R) Core(TM) i5-1235U (family: 0x6, model: 0x9a, stepping: 0x4)
May  4 15:22:07 ol8 kernel: Performance Events: unsupported p6 CPU model 154 no PMU driver, software events only.
May  4 15:22:07 ol8 kernel: rcu: Hierarchical SRCU implementation.
May  4 15:22:07 ol8 kernel: NMI watchdog: Perf NMI watchdog permanently disabled
May  4 15:22:07 ol8 kernel: smp: Bringing up secondary CPUs ...
May  4 15:22:07 ol8 kernel: x86: Booting SMP configuration:
May  4 15:22:07 ol8 kernel: .... node  #0, CPUs:      #1
May  4 15:22:07 ol8 kernel: kvm-clock: cpu 1, msr a201041, secondary cpu clock
May  4 15:22:07 ol8 kernel: TSC synchronization [CPU#0 -> CPU#1]:
May  4 15:22:07 ol8 kernel: Measured 36929 cycles TSC warp between CPUs, turning off TSC clock.
May  4 15:22:07 ol8 kernel: tsc: Marking TSC unstable due to check_tsc_sync_source failed
May  4 15:22:07 ol8 kernel: #2
May  4 15:22:07 ol8 kernel: kvm-clock: cpu 2, msr a201081, secondary cpu clock
May  4 15:22:07 ol8 kernel: #3
May  4 15:22:07 ol8 kernel: kvm-clock: cpu 3, msr a2010c1, secondary cpu clock
May  4 15:22:07 ol8 kernel: #4
May  4 15:22:07 ol8 kernel: kvm-clock: cpu 4, msr a201101, secondary cpu clock
May  4 15:22:07 ol8 kernel: smp: Brought up 1 node, 5 CPUs
May  4 15:22:07 ol8 kernel: smpboot: Max logical packages: 1
May  4 15:22:07 ol8 kernel: smpboot: Total of 5 processors activated (24960.10 BogoMIPS)
May  4 15:22:07 ol8 kernel: node 0 deferred pages initialised in 4ms
May  4 15:22:07 ol8 kernel: devtmpfs: initialized
May  4 15:22:07 ol8 kernel: x86/mm: Memory block size: 128MB
May  4 15:22:07 ol8 kernel: clocksource: jiffies: mask: 0xffffffff max_cycles: 0xffffffff, max_idle_ns: 1911260446275000 ns
May  4 15:22:07 ol8 kernel: futex hash table entries: 2048 (order: 5, 131072 bytes, linear)
May  4 15:22:07 ol8 kernel: pinctrl core: initialized pinctrl subsystem
May  4 15:22:07 ol8 kernel: NET: Registered PF_NETLINK/PF_ROUTE protocol family
May  4 15:22:07 ol8 kernel: DMA: preallocated 1024 KiB GFP_KERNEL pool for atomic allocations
May  4 15:22:07 ol8 kernel: DMA: preallocated 1024 KiB GFP_KERNEL|GFP_DMA pool for atomic allocations
May  4 15:22:07 ol8 kernel: DMA: preallocated 1024 KiB GFP_KERNEL|GFP_DMA32 pool for atomic allocations
May  4 15:22:07 ol8 kernel: audit: initializing netlink subsys (disabled)
May  4 15:22:07 ol8 kernel: audit: type=2000 audit(1683190038.783:1): state=initialized audit_enabled=0 res=1
May  4 15:22:07 ol8 kernel: thermal_sys: Registered thermal governor 'fair_share'
May  4 15:22:07 ol8 kernel: thermal_sys: Registered thermal governor 'bang_bang'
May  4 15:22:07 ol8 kernel: thermal_sys: Registered thermal governor 'step_wise'
May  4 15:22:07 ol8 kernel: thermal_sys: Registered thermal governor 'user_space'
May  4 15:22:07 ol8 kernel: cpuidle: using governor menu
May  4 15:22:07 ol8 kernel: ACPI: bus type PCI registered
May  4 15:22:07 ol8 kernel: acpiphp: ACPI Hot Plug PCI Controller Driver version: 0.5
May  4 15:22:07 ol8 kernel: PCI: Using configuration type 1 for base access
May  4 15:22:07 ol8 kernel: Kprobes globally optimized
May  4 15:22:07 ol8 kernel: HugeTLB: can free 6 vmemmap pages for hugepages-2048kB
May  4 15:22:07 ol8 kernel: HugeTLB registered 2.00 MiB page size, pre-allocated 0 pages
May  4 15:22:07 ol8 kernel: ACPI: Added _OSI(Module Device)
May  4 15:22:07 ol8 kernel: ACPI: Added _OSI(Processor Device)
May  4 15:22:07 ol8 kernel: ACPI: Added _OSI(3.0 _SCP Extensions)
May  4 15:22:07 ol8 kernel: ACPI: Added _OSI(Processor Aggregator Device)
May  4 15:22:07 ol8 kernel: ACPI: Added _OSI(Linux-Dell-Video)
May  4 15:22:07 ol8 kernel: ACPI: Added _OSI(Linux-Lenovo-NV-HDMI-Audio)
May  4 15:22:07 ol8 kernel: ACPI: Added _OSI(Linux-HPI-Hybrid-Graphics)
May  4 15:22:07 ol8 kernel: ACPI: 2 ACPI AML tables successfully acquired and loaded
May  4 15:22:07 ol8 kernel: ACPI: Interpreter enabled
May  4 15:22:07 ol8 kernel: ACPI: PM: (supports S0 S5)
May  4 15:22:07 ol8 kernel: ACPI: Using IOAPIC for interrupt routing
May  4 15:22:07 ol8 kernel: PCI: Using host bridge windows from ACPI; if necessary, use "pci=nocrs" and report a bug
May  4 15:22:07 ol8 kernel: ACPI: Enabled 2 GPEs in block 00 to 07
May  4 15:22:07 ol8 kernel: ACPI: PCI Root Bridge [PCI0] (domain 0000 [bus 00-ff])
May  4 15:22:07 ol8 kernel: acpi PNP0A03:00: _OSC: OS supports [ASPM ClockPM Segments MSI EDR HPX-Type3]
May  4 15:22:07 ol8 kernel: acpi PNP0A03:00: _OSC: not requesting OS control; OS requires [ExtendedConfig ASPM ClockPM MSI]
May  4 15:22:07 ol8 kernel: acpi PNP0A03:00: fail to add MMCONFIG information, can't access extended PCI configuration space under this bridge.
May  4 15:22:07 ol8 kernel: PCI host bridge to bus 0000:00
May  4 15:22:07 ol8 kernel: pci_bus 0000:00: root bus resource [io  0x0000-0x0cf7 window]
May  4 15:22:07 ol8 kernel: pci_bus 0000:00: root bus resource [io  0x0d00-0xffff window]
May  4 15:22:07 ol8 kernel: pci_bus 0000:00: root bus resource [mem 0x000a0000-0x000bffff window]
May  4 15:22:07 ol8 kernel: pci_bus 0000:00: root bus resource [mem 0xe0000000-0xfdffffff window]
May  4 15:22:07 ol8 kernel: pci_bus 0000:00: root bus resource [bus 00-ff]
May  4 15:22:07 ol8 kernel: pci 0000:00:00.0: [8086:1237] type 00 class 0x060000
May  4 15:22:07 ol8 kernel: pci 0000:00:01.0: [8086:7000] type 00 class 0x060100
May  4 15:22:07 ol8 kernel: pci 0000:00:01.1: [8086:7111] type 00 class 0x01018a
May  4 15:22:07 ol8 kernel: pci 0000:00:01.1: reg 0x20: [io  0xd000-0xd00f]
May  4 15:22:07 ol8 kernel: pci 0000:00:01.1: legacy IDE quirk: reg 0x10: [io  0x01f0-0x01f7]
May  4 15:22:07 ol8 kernel: pci 0000:00:01.1: legacy IDE quirk: reg 0x14: [io  0x03f6]
May  4 15:22:07 ol8 kernel: pci 0000:00:01.1: legacy IDE quirk: reg 0x18: [io  0x0170-0x0177]
May  4 15:22:07 ol8 kernel: pci 0000:00:01.1: legacy IDE quirk: reg 0x1c: [io  0x0376]
May  4 15:22:07 ol8 kernel: pci 0000:00:02.0: [15ad:0405] type 00 class 0x030000
May  4 15:22:07 ol8 kernel: pci 0000:00:02.0: reg 0x10: [io  0xd010-0xd01f]
May  4 15:22:07 ol8 kernel: pci 0000:00:02.0: reg 0x14: [mem 0xe0000000-0xe0ffffff pref]
May  4 15:22:07 ol8 kernel: pci 0000:00:02.0: reg 0x18: [mem 0xf0000000-0xf01fffff]
May  4 15:22:07 ol8 kernel: pci 0000:00:02.0: Video device with shadowed ROM at [mem 0x000c0000-0x000dffff]
May  4 15:22:07 ol8 kernel: pci 0000:00:03.0: [8086:100e] type 00 class 0x020000
May  4 15:22:07 ol8 kernel: pci 0000:00:03.0: reg 0x10: [mem 0xf0200000-0xf021ffff]
May  4 15:22:07 ol8 kernel: pci 0000:00:03.0: reg 0x18: [io  0xd020-0xd027]
May  4 15:22:07 ol8 kernel: pci 0000:00:04.0: [80ee:cafe] type 00 class 0x088000
May  4 15:22:07 ol8 kernel: pci 0000:00:04.0: reg 0x10: [io  0xd040-0xd05f]
May  4 15:22:07 ol8 kernel: pci 0000:00:04.0: reg 0x14: [mem 0xf0400000-0xf07fffff]
May  4 15:22:07 ol8 kernel: pci 0000:00:04.0: reg 0x18: [mem 0xf0800000-0xf0803fff pref]
May  4 15:22:07 ol8 kernel: pci 0000:00:05.0: [8086:2415] type 00 class 0x040100
May  4 15:22:07 ol8 kernel: pci 0000:00:05.0: reg 0x10: [io  0xd100-0xd1ff]
May  4 15:22:07 ol8 kernel: pci 0000:00:05.0: reg 0x14: [io  0xd200-0xd23f]
May  4 15:22:07 ol8 kernel: pci 0000:00:06.0: [106b:003f] type 00 class 0x0c0310
May  4 15:22:07 ol8 kernel: pci 0000:00:06.0: reg 0x10: [mem 0xf0804000-0xf0804fff]
May  4 15:22:07 ol8 kernel: pci 0000:00:07.0: [8086:7113] type 00 class 0x068000
May  4 15:22:07 ol8 kernel: pci 0000:00:07.0: quirk: [io  0x4000-0x403f] claimed by PIIX4 ACPI
May  4 15:22:07 ol8 kernel: pci 0000:00:07.0: quirk: [io  0x4100-0x410f] claimed by PIIX4 SMB
May  4 15:22:07 ol8 kernel: pci 0000:00:08.0: [8086:100e] type 00 class 0x020000
May  4 15:22:07 ol8 kernel: pci 0000:00:08.0: reg 0x10: [mem 0xf0820000-0xf083ffff]
May  4 15:22:07 ol8 kernel: pci 0000:00:08.0: reg 0x18: [io  0xd240-0xd247]
May  4 15:22:07 ol8 kernel: pci 0000:00:09.0: [8086:100e] type 00 class 0x020000
May  4 15:22:07 ol8 kernel: pci 0000:00:09.0: reg 0x10: [mem 0xf0840000-0xf085ffff]
May  4 15:22:07 ol8 kernel: pci 0000:00:09.0: reg 0x18: [io  0xd248-0xd24f]
May  4 15:22:07 ol8 kernel: pci 0000:00:0b.0: [8086:265c] type 00 class 0x0c0320
May  4 15:22:07 ol8 kernel: pci 0000:00:0b.0: reg 0x10: [mem 0xf0860000-0xf0860fff]
May  4 15:22:07 ol8 kernel: pci 0000:00:0d.0: [8086:2829] type 00 class 0x010601
May  4 15:22:07 ol8 kernel: pci 0000:00:0d.0: reg 0x10: [io  0xd250-0xd257]
May  4 15:22:07 ol8 kernel: pci 0000:00:0d.0: reg 0x14: [io  0xd258-0xd25b]
May  4 15:22:07 ol8 kernel: pci 0000:00:0d.0: reg 0x18: [io  0xd260-0xd267]
May  4 15:22:07 ol8 kernel: pci 0000:00:0d.0: reg 0x1c: [io  0xd268-0xd26b]
May  4 15:22:07 ol8 kernel: pci 0000:00:0d.0: reg 0x20: [io  0xd270-0xd27f]
May  4 15:22:07 ol8 kernel: pci 0000:00:0d.0: reg 0x24: [mem 0xf0862000-0xf0863fff]
May  4 15:22:07 ol8 kernel: ACPI: PCI: Interrupt link LNKA configured for IRQ 11
May  4 15:22:07 ol8 kernel: ACPI: PCI: Interrupt link LNKB configured for IRQ 10
May  4 15:22:07 ol8 kernel: ACPI: PCI: Interrupt link LNKC configured for IRQ 9
May  4 15:22:07 ol8 kernel: ACPI: PCI: Interrupt link LNKD configured for IRQ 11
May  4 15:22:07 ol8 kernel: iommu: Default domain type: Passthrough 
May  4 15:22:07 ol8 kernel: pci 0000:00:02.0: vgaarb: setting as boot VGA device
May  4 15:22:07 ol8 kernel: pci 0000:00:02.0: vgaarb: VGA device added: decodes=io+mem,owns=io+mem,locks=none
May  4 15:22:07 ol8 kernel: pci 0000:00:02.0: vgaarb: bridge control possible
May  4 15:22:07 ol8 kernel: vgaarb: loaded
May  4 15:22:07 ol8 kernel: SCSI subsystem initialized
May  4 15:22:07 ol8 kernel: ACPI: bus type USB registered
May  4 15:22:07 ol8 kernel: usbcore: registered new interface driver usbfs
May  4 15:22:07 ol8 kernel: usbcore: registered new interface driver hub
May  4 15:22:07 ol8 kernel: usbcore: registered new device driver usb
May  4 15:22:07 ol8 kernel: pps_core: LinuxPPS API ver. 1 registered
May  4 15:22:07 ol8 kernel: pps_core: Software ver. 5.3.6 - Copyright 2005-2007 Rodolfo Giometti <giometti@linux.it>
May  4 15:22:07 ol8 kernel: PTP clock support registered
May  4 15:22:07 ol8 kernel: EDAC MC: Ver: 3.0.0
May  4 15:22:07 ol8 kernel: NetLabel: Initializing
May  4 15:22:07 ol8 kernel: NetLabel:  domain hash size = 128
May  4 15:22:07 ol8 kernel: NetLabel:  protocols = UNLABELED CIPSOv4 CALIPSO
May  4 15:22:07 ol8 kernel: NetLabel:  unlabeled traffic allowed by default
May  4 15:22:07 ol8 kernel: PCI: Using ACPI for IRQ routing
May  4 15:22:07 ol8 kernel: clocksource: Switched to clocksource kvm-clock
May  4 15:22:07 ol8 kernel: VFS: Disk quotas dquot_6.6.0
May  4 15:22:07 ol8 kernel: VFS: Dquot-cache hash table entries: 512 (order 0, 4096 bytes)
May  4 15:22:07 ol8 kernel: pnp: PnP ACPI init
May  4 15:22:07 ol8 kernel: pnp: PnP ACPI: found 2 devices
May  4 15:22:07 ol8 kernel: clocksource: acpi_pm: mask: 0xffffff max_cycles: 0xffffff, max_idle_ns: 2085701024 ns
May  4 15:22:07 ol8 kernel: NET: Registered PF_INET protocol family
May  4 15:22:07 ol8 kernel: IP idents hash table entries: 131072 (order: 8, 1048576 bytes, linear)
May  4 15:22:07 ol8 kernel: tcp_listen_portaddr_hash hash table entries: 4096 (order: 5, 131072 bytes, linear)
May  4 15:22:07 ol8 kernel: Table-perturb hash table entries: 65536 (order: 6, 262144 bytes, linear)
May  4 15:22:07 ol8 kernel: TCP established hash table entries: 65536 (order: 7, 524288 bytes, linear)
May  4 15:22:07 ol8 kernel: TCP bind hash table entries: 65536 (order: 8, 1048576 bytes, linear)
May  4 15:22:07 ol8 kernel: TCP: Hash tables configured (established 65536 bind 65536)
May  4 15:22:07 ol8 kernel: MPTCP token hash table entries: 8192 (order: 5, 196608 bytes, linear)
May  4 15:22:07 ol8 kernel: UDP hash table entries: 4096 (order: 5, 131072 bytes, linear)
May  4 15:22:07 ol8 kernel: UDP-Lite hash table entries: 4096 (order: 5, 131072 bytes, linear)
May  4 15:22:07 ol8 kernel: NET: Registered PF_UNIX/PF_LOCAL protocol family
May  4 15:22:07 ol8 kernel: NET: Registered PF_XDP protocol family
May  4 15:22:07 ol8 kernel: pci_bus 0000:00: resource 4 [io  0x0000-0x0cf7 window]
May  4 15:22:07 ol8 kernel: pci_bus 0000:00: resource 5 [io  0x0d00-0xffff window]
May  4 15:22:07 ol8 kernel: pci_bus 0000:00: resource 6 [mem 0x000a0000-0x000bffff window]
May  4 15:22:07 ol8 kernel: pci_bus 0000:00: resource 7 [mem 0xe0000000-0xfdffffff window]
May  4 15:22:07 ol8 kernel: pci 0000:00:00.0: Limiting direct PCI/PCI transfers
May  4 15:22:07 ol8 kernel: pci 0000:00:01.0: Activating ISA DMA hang workarounds
May  4 15:22:07 ol8 kernel: PCI: CLS 0 bytes, default 64
May  4 15:22:07 ol8 kernel: PCI-DMA: Using software bounce buffering for IO (SWIOTLB)
May  4 15:22:07 ol8 kernel: software IO TLB: mapped [mem 0x00000000dbff0000-0x00000000dfff0000] (64MB)
May  4 15:22:07 ol8 kernel: Trying to unpack rootfs image as initramfs...
May  4 15:22:07 ol8 kernel: RAPL PMU: API unit is 2^-32 Joules, 0 fixed counters, 10737418240 ms ovfl timer
May  4 15:22:07 ol8 kernel: platform rtc_cmos: registered platform RTC device (no PNP device found)
May  4 15:22:07 ol8 kernel: Initialise system trusted keyrings
May  4 15:22:07 ol8 kernel: Key type blacklist registered
May  4 15:22:07 ol8 kernel: workingset: timestamp_bits=36 max_order=21 bucket_order=0
May  4 15:22:07 ol8 kernel: zbud: loaded
May  4 15:22:07 ol8 kernel: integrity: Platform Keyring initialized
May  4 15:22:07 ol8 kernel: integrity: Machine keyring initialized
May  4 15:22:07 ol8 kernel: Allocating IMA blacklist keyring.
May  4 15:22:07 ol8 kernel: NET: Registered PF_ALG protocol family
May  4 15:22:07 ol8 kernel: Key type asymmetric registered
May  4 15:22:07 ol8 kernel: Asymmetric key parser 'x509' registered
May  4 15:22:07 ol8 kernel: Key type pkcs7_test registered
May  4 15:22:07 ol8 kernel: Block layer SCSI generic (bsg) driver version 0.4 loaded (major 247)
May  4 15:22:07 ol8 kernel: io scheduler mq-deadline registered
May  4 15:22:07 ol8 kernel: io scheduler kyber registered
May  4 15:22:07 ol8 kernel: io scheduler bfq registered
May  4 15:22:07 ol8 kernel: atomic64_test: passed for x86-64 platform with CX8 and with SSE
May  4 15:22:07 ol8 kernel: shpchp: Standard Hot Plug PCI Controller Driver version: 0.4
May  4 15:22:07 ol8 kernel: ACPI: AC: AC Adapter [AC] (on-line)
May  4 15:22:07 ol8 kernel: input: Power Button as /devices/LNXSYSTM:00/LNXPWRBN:00/input/input0
May  4 15:22:07 ol8 kernel: ACPI: button: Power Button [PWRF]
May  4 15:22:07 ol8 kernel: input: Sleep Button as /devices/LNXSYSTM:00/LNXSLPBN:00/input/input1
May  4 15:22:07 ol8 kernel: ACPI: button: Sleep Button [SLPF]
May  4 15:22:07 ol8 kernel: ACPI: battery: Slot [BAT0] (battery present)
May  4 15:22:07 ol8 kernel: Serial: 8250/16550 driver, 4 ports, IRQ sharing enabled
May  4 15:22:07 ol8 kernel: Non-volatile memory driver v1.3
May  4 15:22:07 ol8 kernel: Linux agpgart interface v0.103
May  4 15:22:07 ol8 kernel: AMD-Vi: AMD IOMMUv2 functionality not available on this system - This is not a bug.
May  4 15:22:07 ol8 kernel: rdac: device handler registered
May  4 15:22:07 ol8 kernel: hp_sw: device handler registered
May  4 15:22:07 ol8 kernel: emc: device handler registered
May  4 15:22:07 ol8 kernel: alua: device handler registered
May  4 15:22:07 ol8 kernel: VFIO - User Level meta-driver version: 0.3
May  4 15:22:07 ol8 kernel: ehci_hcd: USB 2.0 'Enhanced' Host Controller (EHCI) Driver
May  4 15:22:07 ol8 kernel: ehci-pci: EHCI PCI platform driver
May  4 15:22:07 ol8 kernel: ehci-pci 0000:00:0b.0: EHCI Host Controller
May  4 15:22:07 ol8 kernel: ehci-pci 0000:00:0b.0: new USB bus registered, assigned bus number 1
May  4 15:22:07 ol8 kernel: ehci-pci 0000:00:0b.0: irq 19, io mem 0xf0860000
May  4 15:22:07 ol8 kernel: ehci-pci 0000:00:0b.0: USB 2.0 started, EHCI 1.00
May  4 15:22:07 ol8 kernel: usb usb1: New USB device found, idVendor=1d6b, idProduct=0002, bcdDevice= 5.15
May  4 15:22:07 ol8 kernel: usb usb1: New USB device strings: Mfr=3, Product=2, SerialNumber=1
May  4 15:22:07 ol8 kernel: usb usb1: Product: EHCI Host Controller
May  4 15:22:07 ol8 kernel: usb usb1: Manufacturer: Linux 5.15.0-3.60.5.1.el8uek.x86_64 ehci_hcd
May  4 15:22:07 ol8 kernel: usb usb1: SerialNumber: 0000:00:0b.0
May  4 15:22:07 ol8 kernel: hub 1-0:1.0: USB hub found
May  4 15:22:07 ol8 kernel: hub 1-0:1.0: 12 ports detected
May  4 15:22:07 ol8 kernel: ohci_hcd: USB 1.1 'Open' Host Controller (OHCI) Driver
May  4 15:22:07 ol8 kernel: ohci-pci: OHCI PCI platform driver
May  4 15:22:07 ol8 kernel: ohci-pci 0000:00:06.0: OHCI PCI host controller
May  4 15:22:07 ol8 kernel: ohci-pci 0000:00:06.0: new USB bus registered, assigned bus number 2
May  4 15:22:07 ol8 kernel: ohci-pci 0000:00:06.0: irq 22, io mem 0xf0804000
May  4 15:22:07 ol8 kernel: Freeing initrd memory: 51524K
May  4 15:22:07 ol8 kernel: usb usb2: New USB device found, idVendor=1d6b, idProduct=0001, bcdDevice= 5.15
May  4 15:22:07 ol8 kernel: usb usb2: New USB device strings: Mfr=3, Product=2, SerialNumber=1
May  4 15:22:07 ol8 kernel: usb usb2: Product: OHCI PCI host controller
May  4 15:22:07 ol8 kernel: usb usb2: Manufacturer: Linux 5.15.0-3.60.5.1.el8uek.x86_64 ohci_hcd
May  4 15:22:07 ol8 kernel: usb usb2: SerialNumber: 0000:00:06.0
May  4 15:22:07 ol8 kernel: hub 2-0:1.0: USB hub found
May  4 15:22:07 ol8 kernel: hub 2-0:1.0: 12 ports detected
May  4 15:22:07 ol8 kernel: uhci_hcd: USB Universal Host Controller Interface driver
May  4 15:22:07 ol8 kernel: usbcore: registered new interface driver usbserial_generic
May  4 15:22:07 ol8 kernel: usbserial: USB Serial support registered for generic
May  4 15:22:07 ol8 kernel: i8042: PNP: PS/2 Controller [PNP0303:PS2K,PNP0f03:PS2M] at 0x60,0x64 irq 1,12
May  4 15:22:07 ol8 kernel: serio: i8042 KBD port at 0x60,0x64 irq 1
May  4 15:22:07 ol8 kernel: serio: i8042 AUX port at 0x60,0x64 irq 12
May  4 15:22:07 ol8 kernel: mousedev: PS/2 mouse device common for all mice
May  4 15:22:07 ol8 kernel: input: AT Translated Set 2 keyboard as /devices/platform/i8042/serio0/input/input2
May  4 15:22:07 ol8 kernel: rtc_cmos rtc_cmos: registered as rtc0
May  4 15:22:07 ol8 kernel: rtc_cmos rtc_cmos: setting system clock to 2023-05-04T08:22:07 UTC (1683188527)
May  4 15:22:07 ol8 kernel: rtc_cmos rtc_cmos: alarms up to one day, 114 bytes nvram
May  4 15:22:07 ol8 kernel: intel_pstate: CPU model not supported
May  4 15:22:07 ol8 kernel: hid: raw HID events driver (C) Jiri Kosina
May  4 15:22:07 ol8 kernel: usbcore: registered new interface driver usbhid
May  4 15:22:07 ol8 kernel: usbhid: USB HID core driver
May  4 15:22:07 ol8 kernel: drop_monitor: Initializing network drop monitor service
May  4 15:22:07 ol8 kernel: Initializing XFRM netlink socket
May  4 15:22:07 ol8 kernel: NET: Registered PF_INET6 protocol family
May  4 15:22:07 ol8 kernel: Segment Routing with IPv6
May  4 15:22:07 ol8 kernel: In-situ OAM (IOAM) with IPv6
May  4 15:22:07 ol8 kernel: NET: Registered PF_PACKET protocol family
May  4 15:22:07 ol8 kernel: bridge: filtering via arp/ip/ip6tables is no longer available by default. Update your scripts to load br_netfilter if you need this.
May  4 15:22:07 ol8 kernel: sctp: Hash tables configured (bind 256/256)
May  4 15:22:07 ol8 kernel: tipc: Activated (version 2.0.0)
May  4 15:22:07 ol8 kernel: NET: Registered PF_TIPC protocol family
May  4 15:22:07 ol8 kernel: tipc: Started in single node mode
May  4 15:22:07 ol8 kernel: IPI shorthand broadcast: enabled
May  4 15:22:07 ol8 kernel: sched_clock: Marking stable (790248368, 28602517)->(924432142, -105581257)
May  4 15:22:07 ol8 kernel: registered taskstats version 1
May  4 15:22:07 ol8 kernel: Loading compiled-in X.509 certificates
May  4 15:22:07 ol8 kernel: Loaded X.509 cert 'Oracle CA Server: 96d807a1d007d179991f5d734b13bca99f7ebab2'
May  4 15:22:07 ol8 kernel: Loaded X.509 cert 'Oracle Linux Kernel Module Signing Key: 2bb352412969a3653f0eb6021763408ebb9bb5ab'
May  4 15:22:07 ol8 kernel: Loaded X.509 cert 'Oracle America, Inc.: Ksplice Kernel Module Signing Key: 09010ebef5545fa7c54b626ef518e077b5b1ee4c'
May  4 15:22:07 ol8 kernel: Loaded X.509 cert 'Oracle IMA signing CA: a2f28976a05984028f7d1a4904ae14e8e468e551'
May  4 15:22:07 ol8 kernel: blacklist: Loading compiled-in revocation X.509 certificates
May  4 15:22:07 ol8 kernel: Loaded X.509 cert 'Oracle Corporation: 7f559b8e9d9e05183480a7149e5a1de0bc265ada'
May  4 15:22:07 ol8 kernel: Loaded X.509 cert 'Oracle Corporation: c179886de39a159135e9877492debf044af7d1eb'
May  4 15:22:07 ol8 kernel: Loaded X.509 cert 'Oracle Corporation: 51698ec3be0f5eb8cba8ec197d291879098fade4'
May  4 15:22:07 ol8 kernel: zswap: loaded using pool lzo/zsmalloc
May  4 15:22:07 ol8 kernel: page_owner is disabled
May  4 15:22:07 ol8 kernel: Key type ._fscrypt registered
May  4 15:22:07 ol8 kernel: Key type .fscrypt registered
May  4 15:22:07 ol8 kernel: Key type fscrypt-provisioning registered
May  4 15:22:07 ol8 kernel: Key type encrypted registered
May  4 15:22:07 ol8 kernel: ima: No TPM chip found, activating TPM-bypass!
May  4 15:22:07 ol8 kernel: Loading compiled-in module X.509 certificates
May  4 15:22:07 ol8 kernel: Loaded X.509 cert 'Oracle CA Server: 96d807a1d007d179991f5d734b13bca99f7ebab2'
May  4 15:22:07 ol8 kernel: ima: Allocated hash algorithm: sha256
May  4 15:22:07 ol8 kernel: ima: No architecture policies found
May  4 15:22:07 ol8 kernel: evm: Initialising EVM extended attributes:
May  4 15:22:07 ol8 kernel: evm: security.selinux
May  4 15:22:07 ol8 kernel: evm: security.SMACK64 (disabled)
May  4 15:22:07 ol8 kernel: evm: security.SMACK64EXEC (disabled)
May  4 15:22:07 ol8 kernel: evm: security.SMACK64TRANSMUTE (disabled)
May  4 15:22:07 ol8 kernel: evm: security.SMACK64MMAP (disabled)
May  4 15:22:07 ol8 kernel: evm: security.apparmor (disabled)
May  4 15:22:07 ol8 kernel: evm: security.ima
May  4 15:22:07 ol8 kernel: evm: security.capability
May  4 15:22:07 ol8 kernel: evm: HMAC attrs: 0x1
May  4 15:22:07 ol8 kernel: RAS: Correctable Errors collector initialized.
May  4 15:22:07 ol8 kernel: input: ImExPS/2 Generic Explorer Mouse as /devices/platform/i8042/serio1/input/input4
May  4 15:22:07 ol8 kernel: integrity: Unable to open file: /etc/keys/x509_ima.der (-2)
May  4 15:22:07 ol8 kernel: Freeing unused decrypted memory: 2036K
May  4 15:22:07 ol8 kernel: Freeing unused kernel image (initmem) memory: 3136K
May  4 15:22:07 ol8 kernel: Write protecting the kernel read-only data: 32768k
May  4 15:22:07 ol8 kernel: Freeing unused kernel image (text/rodata gap) memory: 2036K
May  4 15:22:07 ol8 kernel: Freeing unused kernel image (rodata/data gap) memory: 2008K
May  4 15:22:07 ol8 kernel: rodata_test: all tests were successful
May  4 15:22:07 ol8 kernel: Run /init as init process
May  4 15:22:07 ol8 systemd[1]: systemd 239 (239-68.0.1.el8) running in system mode. (+PAM +AUDIT +SELINUX +IMA -APPARMOR +SMACK +SYSVINIT +UTMP +LIBCRYPTSETUP +GCRYPT +GNUTLS +ACL +XZ +LZ4 +SECCOMP +BLKID +ELFUTILS +KMOD +IDN2 -IDN +PCRE2 default-hierarchy=legacy)
May  4 15:22:07 ol8 systemd[1]: Detected virtualization oracle.
May  4 15:22:07 ol8 systemd[1]: Detected architecture x86-64.
May  4 15:22:07 ol8 systemd[1]: Running in initial RAM disk.
May  4 15:22:07 ol8 systemd[1]: Set hostname to <ol8.domain>.
May  4 15:22:07 ol8 kernel: random: systemd: uninitialized urandom read (16 bytes read)
May  4 15:22:07 ol8 systemd[1]: Reached target Swap.
May  4 15:22:07 ol8 kernel: random: systemd: uninitialized urandom read (16 bytes read)
May  4 15:22:07 ol8 systemd[1]: Listening on Journal Socket (/dev/log).
May  4 15:22:07 ol8 kernel: random: systemd: uninitialized urandom read (16 bytes read)
May  4 15:22:07 ol8 systemd[1]: Listening on udev Control Socket.
May  4 15:22:07 ol8 systemd[1]: Created slice system-systemd\x2dhibernate\x2dresume.slice.
May  4 15:22:07 ol8 systemd[1]: Reached target Slices.
May  4 15:22:07 ol8 kernel: fuse: init (API version 7.34)
May  4 15:22:07 ol8 systemd-journald[178]: Journal started
May  4 15:22:07 ol8 systemd-journald[178]: Runtime journal (/run/log/journal/2db3abc0566342cda2429c0070d589ce) is 8.0M, max 396.6M, 388.6M free.
May  4 15:22:07 ol8 systemd-modules-load[177]: Inserted module 'fuse'
May  4 15:22:07 ol8 systemd-modules-load[177]: Module 'msr' is builtin
May  4 15:22:07 ol8 systemd-sysctl[204]: Couldn't write 'fq_codel' to 'net/core/default_qdisc', ignoring: No such file or directory
May  4 15:22:08 ol8 systemd[1]: systemd-vconsole-setup.service: Succeeded.
May  4 15:22:08 ol8 systemd[1]: Started Setup Virtual Console.
May  4 15:22:08 ol8 systemd[1]: Starting dracut cmdline hook...
May  4 15:22:08 ol8 dracut-cmdline[211]: dracut-8.7 dracut-049-209.git20220815.0.1.el8
May  4 15:22:08 ol8 dracut-cmdline[211]: Using kernel command line parameters: BOOT_IMAGE=(hd0,msdos1)/vmlinuz-5.15.0-3.60.5.1.el8uek.x86_64 root=/dev/mapper/ol-root ro resume=/dev/mapper/ol-swap rd.lvm.lv=ol/root rd.lvm.lv=ol/swap rhgb quiet
May  4 15:22:08 ol8 systemd[1]: Started dracut cmdline hook.
May  4 15:22:08 ol8 systemd[1]: Starting dracut pre-udev hook...
May  4 15:22:08 ol8 kernel: device-mapper: core: CONFIG_IMA_DISABLE_HTABLE is disabled. Duplicate IMA measurements will not be recorded in the IMA log.
May  4 15:22:08 ol8 kernel: device-mapper: uevent: version 1.0.3
May  4 15:22:08 ol8 kernel: device-mapper: ioctl: 4.45.0-ioctl (2021-03-22) initialised: dm-devel@redhat.com
May  4 15:22:08 ol8 systemd[1]: Started dracut pre-udev hook.
May  4 15:22:08 ol8 systemd[1]: Starting udev Kernel Device Manager...
May  4 15:22:08 ol8 systemd[1]: Started udev Kernel Device Manager.
May  4 15:22:08 ol8 systemd[1]: Starting udev Coldplug all Devices...
May  4 15:22:08 ol8 systemd[1]: Mounting Kernel Configuration File System...
May  4 15:22:08 ol8 systemd[1]: Started udev Coldplug all Devices.
May  4 15:22:08 ol8 systemd[1]: Mounted Kernel Configuration File System.
May  4 15:22:08 ol8 kernel: e1000: Intel(R) PRO/1000 Network Driver
May  4 15:22:08 ol8 kernel: e1000: Copyright (c) 1999-2006 Intel Corporation.
May  4 15:22:08 ol8 kernel: ACPI: video: Video Device [GFX0] (multi-head: yes  rom: no  post: no)
May  4 15:22:08 ol8 systemd[1]: Starting dracut initqueue hook...
May  4 15:22:08 ol8 kernel: scsi host0: ata_piix
May  4 15:22:08 ol8 kernel: input: Video Bus as /devices/LNXSYSTM:00/LNXSYBUS:00/PNP0A03:00/LNXVIDEO:00/input/input5
May  4 15:22:08 ol8 kernel: scsi host1: ata_piix
May  4 15:22:08 ol8 systemd[1]: Starting Show Plymouth Boot Screen...
May  4 15:22:08 ol8 kernel: ata1: PATA max UDMA/33 cmd 0x1f0 ctl 0x3f6 bmdma 0xd000 irq 14
May  4 15:22:08 ol8 kernel: ata2: PATA max UDMA/33 cmd 0x170 ctl 0x376 bmdma 0xd008 irq 15
May  4 15:22:08 ol8 systemd[1]: Received SIGRTMIN+20 from PID 355 (plymouthd).
May  4 15:22:08 ol8 kernel: ahci 0000:00:0d.0: SSS flag set, parallel bus scan disabled
May  4 15:22:08 ol8 kernel: ahci 0000:00:0d.0: AHCI 0001.0100 32 slots 1 ports 3 Gbps 0x1 impl SATA mode
May  4 15:22:08 ol8 kernel: ahci 0000:00:0d.0: flags: 64bit ncq stag only ccc 
May  4 15:22:08 ol8 systemd-udevd[332]: link_config: autonegotiation is unset or enabled, the speed and duplex are not writable.
May  4 15:22:08 ol8 systemd[1]: Started Show Plymouth Boot Screen.
May  4 15:22:08 ol8 systemd[1]: Started Forward Password Requests to Plymouth Directory Watch.
May  4 15:22:08 ol8 systemd[1]: Reached target Paths.
May  4 15:22:08 ol8 kernel: scsi host2: ahci
May  4 15:22:08 ol8 kernel: ata3: SATA max UDMA/133 abar m8192@0xf0862000 port 0xf0862100 irq 21
May  4 15:22:08 ol8 kernel: ata2.00: ATAPI: VBOX CD-ROM, 1.0, max UDMA/133
May  4 15:22:08 ol8 kernel: scsi 1:0:0:0: CD-ROM            VBOX     CD-ROM           1.0  PQ: 0 ANSI: 5
May  4 15:22:08 ol8 kernel: ata3: SATA link up 3.0 Gbps (SStatus 123 SControl 300)
May  4 15:22:08 ol8 kernel: ata3.00: ATA-6: VBOX HARDDISK, 1.0, max UDMA/133
May  4 15:22:08 ol8 kernel: ata3.00: 167772160 sectors, multi 128: LBA48 NCQ (depth 32)
May  4 15:22:09 ol8 kernel: ata3.00: configured for UDMA/133
May  4 15:22:09 ol8 kernel: scsi 2:0:0:0: Direct-Access     ATA      VBOX HARDDISK    1.0  PQ: 0 ANSI: 5
May  4 15:22:09 ol8 kernel: scsi 1:0:0:0: Attached scsi generic sg0 type 5
May  4 15:22:09 ol8 kernel: scsi 2:0:0:0: Attached scsi generic sg1 type 0
May  4 15:22:09 ol8 kernel: sd 2:0:0:0: [sda] 167772160 512-byte logical blocks: (85.9 GB/80.0 GiB)
May  4 15:22:09 ol8 kernel: sd 2:0:0:0: [sda] Write Protect is off
May  4 15:22:09 ol8 kernel: sd 2:0:0:0: [sda] Write cache: enabled, read cache: enabled, doesn't support DPO or FUA
May  4 15:22:09 ol8 kernel: vmwgfx 0000:00:02.0: vgaarb: deactivate vga console
May  4 15:22:09 ol8 kernel: sda: sda1 sda2
May  4 15:22:09 ol8 kernel: sr 1:0:0:0: [sr0] scsi3-mmc drive: 32x/32x xa/form2 tray
May  4 15:22:09 ol8 kernel: cdrom: Uniform CD-ROM driver Revision: 3.20
May  4 15:22:09 ol8 kernel: Console: switching to colour dummy device 80x25
May  4 15:22:09 ol8 kernel: [TTM] Zone  kernel: Available graphics memory: 4062052 KiB
May  4 15:22:09 ol8 kernel: [TTM] Zone   dma32: Available graphics memory: 2097152 KiB
May  4 15:22:09 ol8 kernel: vmwgfx 0000:00:02.0: [drm] FIFO at 0x00000000f0000000 size is 2048 kiB
May  4 15:22:09 ol8 kernel: vmwgfx 0000:00:02.0: [drm] VRAM at 0x00000000e0000000 size is 16384 kiB
May  4 15:22:09 ol8 kernel: vmwgfx 0000:00:02.0: [drm] Running on SVGA version 2.
May  4 15:22:09 ol8 kernel: vmwgfx 0000:00:02.0: [drm] DMA map mode: Caching DMA mappings.
May  4 15:22:09 ol8 kernel: vmwgfx 0000:00:02.0: [drm] Legacy memory limits: VRAM = 16384 kB, FIFO = 2048 kB, surface = 507904 kB
May  4 15:22:09 ol8 kernel: vmwgfx 0000:00:02.0: [drm] MOB limits: max mob size = 0 kB, max mob pages = 0
May  4 15:22:09 ol8 kernel: vmwgfx 0000:00:02.0: [drm] Capabilities: rect copy, cursor, cursor bypass, cursor bypass 2, alpha cursor, extended fifo, pitchlock, irq mask, gmr, traces, gmr2, screen object 2, command buffers, 
May  4 15:22:09 ol8 kernel: vmwgfx 0000:00:02.0: [drm] Max GMR ids is 8192
May  4 15:22:09 ol8 kernel: vmwgfx 0000:00:02.0: [drm] Max number of GMR pages is 1048576
May  4 15:22:09 ol8 kernel: vmwgfx 0000:00:02.0: [drm] Maximum display memory size is 16384 kiB
May  4 15:22:09 ol8 kernel: vmwgfx 0000:00:02.0: [drm] Screen Object display unit initialized
May  4 15:22:09 ol8 kernel: vmwgfx 0000:00:02.0: [drm] Fifo max 0x00200000 min 0x00001000 cap 0x00000355
May  4 15:22:09 ol8 kernel: vmwgfx 0000:00:02.0: [drm] Using command buffers with DMA pool.
May  4 15:22:09 ol8 kernel: vmwgfx 0000:00:02.0: [drm] Available shader model: Legacy.
May  4 15:22:09 ol8 kernel: [drm:vmw_host_printf [vmwgfx]] *ERROR* Failed to send host log message.
May  4 15:22:09 ol8 kernel: fbcon: svgadrmfb (fb0) is primary device
May  4 15:22:09 ol8 kernel: Console: switching to colour frame buffer device 100x37
May  4 15:22:09 ol8 kernel: [drm] Initialized vmwgfx 2.19.0 20210722 for 0000:00:02.0 on minor 0
May  4 15:22:09 ol8 kernel: sd 2:0:0:0: [sda] Attached SCSI disk
May  4 15:22:09 ol8 kernel: e1000 0000:00:03.0 eth0: (PCI:33MHz:32-bit) 08:00:27:77:d2:c6
May  4 15:22:09 ol8 kernel: e1000 0000:00:03.0 eth0: Intel(R) PRO/1000 Network Connection
May  4 15:22:09 ol8 kernel: random: systemd: uninitialized urandom read (16 bytes read)
May  4 15:22:09 ol8 kernel: random: systemd: uninitialized urandom read (16 bytes read)
May  4 15:22:09 ol8 kernel: random: systemd: uninitialized urandom read (16 bytes read)
May  4 15:22:10 ol8 kernel: e1000 0000:00:08.0 eth1: (PCI:33MHz:32-bit) 08:00:27:37:6a:e4
May  4 15:22:10 ol8 kernel: e1000 0000:00:08.0 eth1: Intel(R) PRO/1000 Network Connection
May  4 15:22:10 ol8 kernel: e1000 0000:00:09.0 eth2: (PCI:33MHz:32-bit) 08:00:27:a2:9b:9e
May  4 15:22:10 ol8 kernel: e1000 0000:00:09.0 eth2: Intel(R) PRO/1000 Network Connection
May  4 15:22:10 ol8 systemd-udevd[317]: Using default interface naming scheme 'rhel-8.0'.
May  4 15:22:10 ol8 systemd-udevd[332]: Using default interface naming scheme 'rhel-8.0'.
May  4 15:22:10 ol8 systemd-udevd[329]: Using default interface naming scheme 'rhel-8.0'.
May  4 15:22:10 ol8 systemd-udevd[332]: link_config: autonegotiation is unset or enabled, the speed and duplex are not writable.
May  4 15:22:10 ol8 kernel: e1000 0000:00:08.0 enp0s8: renamed from eth1
May  4 15:22:10 ol8 systemd-udevd[329]: link_config: autonegotiation is unset or enabled, the speed and duplex are not writable.
May  4 15:22:10 ol8 kernel: e1000 0000:00:09.0 enp0s9: renamed from eth2
May  4 15:22:10 ol8 systemd-udevd[317]: link_config: autonegotiation is unset or enabled, the speed and duplex are not writable.
May  4 15:22:10 ol8 kernel: e1000 0000:00:03.0 enp0s3: renamed from eth0
May  4 15:22:10 ol8 kernel: random: systemd: uninitialized urandom read (16 bytes read)
May  4 15:22:10 ol8 kernel: random: systemd: uninitialized urandom read (16 bytes read)
May  4 15:22:10 ol8 kernel: random: systemd: uninitialized urandom read (16 bytes read)
May  4 15:22:10 ol8 dracut-initqueue[428]: Scanning devices sda2  for LVM logical volumes ol/root ol/swap
May  4 15:22:10 ol8 dracut-initqueue[453]: inactive '/dev/ol/swap' [7.89 GiB] inherit
May  4 15:22:10 ol8 dracut-initqueue[453]: inactive '/dev/ol/home' [23.32 GiB] inherit
May  4 15:22:10 ol8 dracut-initqueue[453]: inactive '/dev/ol/root' [<47.78 GiB] inherit
May  4 15:22:10 ol8 systemd[1]: Found device /dev/mapper/ol-root.
May  4 15:22:10 ol8 systemd[1]: Reached target Initrd Root Device.
May  4 15:22:11 ol8 systemd[1]: Found device /dev/mapper/ol-swap.
May  4 15:22:11 ol8 systemd[1]: Starting Resume from hibernation using device /dev/mapper/ol-swap...
May  4 15:22:11 ol8 systemd-hibernate-resume[472]: Could not resume from '/dev/mapper/ol-swap' (252:1).
May  4 15:22:11 ol8 systemd[1]: systemd-hibernate-resume@dev-mapper-ol\x2dswap.service: Succeeded.
May  4 15:22:11 ol8 systemd[1]: Started Resume from hibernation using device /dev/mapper/ol-swap.
May  4 15:22:11 ol8 systemd[1]: Reached target Local File Systems (Pre).
May  4 15:22:11 ol8 systemd[1]: Reached target Local File Systems.
May  4 15:22:11 ol8 systemd[1]: Starting Create Volatile Files and Directories...
May  4 15:22:11 ol8 systemd[1]: Started Create Volatile Files and Directories.
May  4 15:22:11 ol8 systemd[1]: Reached target System Initialization.
May  4 15:22:11 ol8 systemd[1]: Reached target Basic System.
May  4 15:22:11 ol8 systemd[1]: Started dracut initqueue hook.
May  4 15:22:11 ol8 systemd[1]: Reached target Remote File Systems (Pre).
May  4 15:22:11 ol8 systemd[1]: Reached target Remote File Systems.
May  4 15:22:11 ol8 systemd[1]: Starting File System Check on /dev/mapper/ol-root...
May  4 15:22:11 ol8 systemd-fsck[485]: /usr/sbin/fsck.xfs: XFS file system.
May  4 15:22:11 ol8 systemd[1]: Started File System Check on /dev/mapper/ol-root.
May  4 15:22:11 ol8 systemd[1]: Mounting /sysroot...
May  4 15:22:11 ol8 kernel: SGI XFS with ACLs, security attributes, realtime, scrub, repair, quota, no debug enabled
May  4 15:22:11 ol8 kernel: XFS (dm-0): Mounting V5 Filesystem
May  4 15:22:11 ol8 kernel: XFS (dm-0): Ending clean mount
May  4 15:22:11 ol8 systemd[1]: Mounted /sysroot.
May  4 15:22:11 ol8 systemd[1]: Reached target Initrd Root File System.
May  4 15:22:11 ol8 kernel: random: systemd: uninitialized urandom read (16 bytes read)
May  4 15:22:11 ol8 systemd[1]: Starting Reload Configuration from the Real Root...
May  4 15:22:11 ol8 systemd[1]: Reloading.
May  4 15:22:11 ol8 systemd[1]: initrd-parse-etc.service: Succeeded.
May  4 15:22:11 ol8 systemd[1]: Started Reload Configuration from the Real Root.
May  4 15:22:11 ol8 systemd[1]: Reached target Initrd File Systems.
May  4 15:22:11 ol8 systemd[1]: Reached target Initrd Default Target.
May  4 15:22:11 ol8 systemd[1]: Starting dracut pre-pivot and cleanup hook...
May  4 15:22:11 ol8 systemd[1]: Started dracut pre-pivot and cleanup hook.
May  4 15:22:11 ol8 systemd[1]: Starting Cleaning Up and Shutting Down Daemons...
May  4 15:22:11 ol8 systemd[1]: dracut-pre-pivot.service: Succeeded.
May  4 15:22:11 ol8 systemd[1]: Stopped dracut pre-pivot and cleanup hook.
May  4 15:22:11 ol8 systemd[1]: Stopped target Initrd Default Target.
May  4 15:22:11 ol8 systemd[1]: Stopped target Initrd Root Device.
May  4 15:22:11 ol8 systemd[1]: Stopped target Timers.
May  4 15:22:11 ol8 systemd[1]: Starting Setup Virtual Console...
May  4 15:22:11 ol8 systemd[1]: Starting Plymouth switch root service...
May  4 15:22:11 ol8 systemd[1]: Stopped target Basic System.
May  4 15:22:11 ol8 systemd[1]: Stopped target Paths.
May  4 15:22:11 ol8 systemd[1]: Stopped target Sockets.
May  4 15:22:11 ol8 systemd[1]: Stopped target Slices.
May  4 15:22:11 ol8 systemd[1]: Stopped target System Initialization.
May  4 15:22:11 ol8 systemd[1]: systemd-tmpfiles-setup.service: Succeeded.
May  4 15:22:11 ol8 systemd[1]: Stopped Create Volatile Files and Directories.
May  4 15:22:11 ol8 systemd[1]: systemd-sysctl.service: Succeeded.
May  4 15:22:11 ol8 systemd[1]: Stopped Apply Kernel Variables.
May  4 15:22:11 ol8 systemd[1]: Stopped target Swap.
May  4 15:22:11 ol8 systemd[1]: Stopped target Local File Systems.
May  4 15:22:11 ol8 systemd[1]: Stopped target Local File Systems (Pre).
May  4 15:22:11 ol8 systemd[1]: Stopping udev Kernel Device Manager...
May  4 15:22:11 ol8 systemd[1]: systemd-modules-load.service: Succeeded.
May  4 15:22:11 ol8 systemd[1]: Stopped Load Kernel Modules.
May  4 15:22:11 ol8 systemd[1]: Stopped target Remote File Systems.
May  4 15:22:11 ol8 systemd[1]: Stopped target Remote File Systems (Pre).
May  4 15:22:11 ol8 systemd[1]: dracut-initqueue.service: Succeeded.
May  4 15:22:11 ol8 systemd[1]: Stopped dracut initqueue hook.
May  4 15:22:11 ol8 systemd[1]: systemd-udev-trigger.service: Succeeded.
May  4 15:22:11 ol8 systemd[1]: Stopped udev Coldplug all Devices.
May  4 15:22:11 ol8 systemd[1]: systemd-udevd.service: Succeeded.
May  4 15:22:11 ol8 systemd[1]: Stopped udev Kernel Device Manager.
May  4 15:22:11 ol8 systemd[1]: dracut-pre-udev.service: Succeeded.
May  4 15:22:11 ol8 systemd[1]: Stopped dracut pre-udev hook.
May  4 15:22:11 ol8 systemd[1]: dracut-cmdline.service: Succeeded.
May  4 15:22:11 ol8 systemd[1]: Stopped dracut cmdline hook.
May  4 15:22:11 ol8 systemd[1]: systemd-tmpfiles-setup-dev.service: Succeeded.
May  4 15:22:11 ol8 systemd[1]: Stopped Create Static Device Nodes in /dev.
May  4 15:22:11 ol8 systemd[1]: kmod-static-nodes.service: Succeeded.
May  4 15:22:11 ol8 systemd[1]: Stopped Create list of required static device nodes for the current kernel.
May  4 15:22:11 ol8 systemd[1]: systemd-udevd-kernel.socket: Succeeded.
May  4 15:22:11 ol8 systemd[1]: Closed udev Kernel Socket.
May  4 15:22:11 ol8 systemd[1]: systemd-udevd-control.socket: Succeeded.
May  4 15:22:11 ol8 systemd[1]: Closed udev Control Socket.
May  4 15:22:11 ol8 systemd[1]: Starting Cleanup udevd DB...
May  4 15:22:11 ol8 systemd[1]: initrd-cleanup.service: Succeeded.
May  4 15:22:11 ol8 systemd[1]: Started Cleaning Up and Shutting Down Daemons.
May  4 15:22:11 ol8 systemd[1]: initrd-udevadm-cleanup-db.service: Succeeded.
May  4 15:22:11 ol8 systemd[1]: Started Cleanup udevd DB.
May  4 15:22:11 ol8 systemd[1]: Started Plymouth switch root service.
May  4 15:22:11 ol8 systemd-vconsole-setup[559]: KD_FONT_OP_GET failed while trying to get the font metadata: Invalid argument
May  4 15:22:11 ol8 systemd-vconsole-setup[559]: Fonts will not be copied to remaining consoles
May  4 15:22:11 ol8 systemd[1]: systemd-vconsole-setup.service: Succeeded.
May  4 15:22:11 ol8 systemd[1]: Started Setup Virtual Console.
May  4 15:22:11 ol8 systemd[1]: Reached target Switch Root.
May  4 15:22:11 ol8 systemd[1]: Starting Switch Root...
May  4 15:22:11 ol8 systemd[1]: Switching root.
May  4 15:22:11 ol8 systemd-journald[178]: Journal stopped
May  4 15:22:12 ol8 kernel: printk: systemd: 17 output lines suppressed due to ratelimiting
May  4 15:22:12 ol8 kernel: audit: type=1404 audit(1683188531.993:2): enforcing=1 old_enforcing=0 auid=4294967295 ses=4294967295 enabled=1 old-enabled=1 lsm=selinux res=1
May  4 15:22:12 ol8 kernel: SELinux:  Permission watch in class filesystem not defined in policy.
May  4 15:22:12 ol8 kernel: SELinux:  Permission watch in class file not defined in policy.
May  4 15:22:12 ol8 kernel: SELinux:  Permission watch_mount in class file not defined in policy.
May  4 15:22:12 ol8 kernel: SELinux:  Permission watch_sb in class file not defined in policy.
May  4 15:22:12 ol8 kernel: SELinux:  Permission watch_with_perm in class file not defined in policy.
May  4 15:22:12 ol8 kernel: SELinux:  Permission watch_reads in class file not defined in policy.
May  4 15:22:12 ol8 kernel: SELinux:  Permission watch in class dir not defined in policy.
May  4 15:22:12 ol8 kernel: SELinux:  Permission watch_mount in class dir not defined in policy.
May  4 15:22:12 ol8 kernel: SELinux:  Permission watch_sb in class dir not defined in policy.
May  4 15:22:12 ol8 kernel: SELinux:  Permission watch_with_perm in class dir not defined in policy.
May  4 15:22:12 ol8 kernel: SELinux:  Permission watch_reads in class dir not defined in policy.
May  4 15:22:12 ol8 kernel: SELinux:  Permission watch in class lnk_file not defined in policy.
May  4 15:22:12 ol8 kernel: SELinux:  Permission watch_mount in class lnk_file not defined in policy.
May  4 15:22:12 ol8 kernel: SELinux:  Permission watch_sb in class lnk_file not defined in policy.
May  4 15:22:12 ol8 kernel: SELinux:  Permission watch_with_perm in class lnk_file not defined in policy.
May  4 15:22:12 ol8 kernel: SELinux:  Permission watch_reads in class lnk_file not defined in policy.
May  4 15:22:12 ol8 kernel: SELinux:  Permission watch in class chr_file not defined in policy.
May  4 15:22:12 ol8 kernel: SELinux:  Permission watch_mount in class chr_file not defined in policy.
May  4 15:22:12 ol8 kernel: SELinux:  Permission watch_sb in class chr_file not defined in policy.
May  4 15:22:12 ol8 kernel: SELinux:  Permission watch_with_perm in class chr_file not defined in policy.
May  4 15:22:12 ol8 kernel: SELinux:  Permission watch_reads in class chr_file not defined in policy.
May  4 15:22:12 ol8 kernel: SELinux:  Permission watch in class blk_file not defined in policy.
May  4 15:22:12 ol8 kernel: SELinux:  Permission watch_mount in class blk_file not defined in policy.
May  4 15:22:12 ol8 kernel: SELinux:  Permission watch_sb in class blk_file not defined in policy.
May  4 15:22:12 ol8 kernel: SELinux:  Permission watch_with_perm in class blk_file not defined in policy.
May  4 15:22:12 ol8 kernel: SELinux:  Permission watch_reads in class blk_file not defined in policy.
May  4 15:22:12 ol8 kernel: SELinux:  Permission watch in class sock_file not defined in policy.
May  4 15:22:12 ol8 kernel: SELinux:  Permission watch_mount in class sock_file not defined in policy.
May  4 15:22:12 ol8 kernel: SELinux:  Permission watch_sb in class sock_file not defined in policy.
May  4 15:22:12 ol8 kernel: SELinux:  Permission watch_with_perm in class sock_file not defined in policy.
May  4 15:22:12 ol8 kernel: SELinux:  Permission watch_reads in class sock_file not defined in policy.
May  4 15:22:12 ol8 kernel: SELinux:  Permission watch in class fifo_file not defined in policy.
May  4 15:22:12 ol8 kernel: SELinux:  Permission watch_mount in class fifo_file not defined in policy.
May  4 15:22:12 ol8 kernel: SELinux:  Permission watch_sb in class fifo_file not defined in policy.
May  4 15:22:12 ol8 kernel: SELinux:  Permission watch_with_perm in class fifo_file not defined in policy.
May  4 15:22:12 ol8 kernel: SELinux:  Permission watch_reads in class fifo_file not defined in policy.
May  4 15:22:12 ol8 kernel: SELinux:  Permission perfmon in class capability2 not defined in policy.
May  4 15:22:12 ol8 kernel: SELinux:  Permission bpf in class capability2 not defined in policy.
May  4 15:22:12 ol8 kernel: SELinux:  Permission perfmon in class cap2_userns not defined in policy.
May  4 15:22:12 ol8 kernel: SELinux:  Permission bpf in class cap2_userns not defined in policy.
May  4 15:22:12 ol8 kernel: SELinux:  Class mctp_socket not defined in policy.
May  4 15:22:12 ol8 kernel: SELinux:  Class lockdown not defined in policy.
May  4 15:22:12 ol8 kernel: SELinux:  Class anon_inode not defined in policy.
May  4 15:22:12 ol8 kernel: SELinux: the above unknown classes and permissions will be allowed
May  4 15:22:12 ol8 kernel: SELinux:  policy capability network_peer_controls=1
May  4 15:22:12 ol8 kernel: SELinux:  policy capability open_perms=1
May  4 15:22:12 ol8 kernel: SELinux:  policy capability extended_socket_class=1
May  4 15:22:12 ol8 kernel: SELinux:  policy capability always_check_network=0
May  4 15:22:12 ol8 kernel: SELinux:  policy capability cgroup_seclabel=1
May  4 15:22:12 ol8 kernel: SELinux:  policy capability nnp_nosuid_transition=1
May  4 15:22:12 ol8 kernel: SELinux:  policy capability genfs_seclabel_symlinks=0
May  4 15:22:12 ol8 kernel: SELinux:  policy capability ioctl_skip_cloexec=0
May  4 15:22:12 ol8 kernel: audit: type=1403 audit(1683188532.163:3): auid=4294967295 ses=4294967295 lsm=selinux res=1
May  4 15:22:12 ol8 systemd[1]: Successfully loaded SELinux policy in 174.205ms.
May  4 15:22:12 ol8 systemd[1]: Relabelled /dev, /run and /sys/fs/cgroup in 11.217ms.
May  4 15:22:12 ol8 systemd[1]: systemd 239 (239-68.0.1.el8) running in system mode. (+PAM +AUDIT +SELINUX +IMA -APPARMOR +SMACK +SYSVINIT +UTMP +LIBCRYPTSETUP +GCRYPT +GNUTLS +ACL +XZ +LZ4 +SECCOMP +BLKID +ELFUTILS +KMOD +IDN2 -IDN +PCRE2 default-hierarchy=legacy)
May  4 15:22:12 ol8 systemd[1]: Detected virtualization oracle.
May  4 15:22:12 ol8 systemd[1]: Detected architecture x86-64.
May  4 15:22:12 ol8 systemd[1]: Set hostname to <ol8.domain>.
May  4 15:22:12 ol8 systemd[1]: /usr/lib/systemd/system/irqbalance.service:6: Unknown lvalue 'ConditionCPUs' in section 'Unit'
May  4 15:22:12 ol8 systemd[1]: systemd-journald.service: Succeeded.
May  4 15:22:12 ol8 systemd[1]: initrd-switch-root.service: Succeeded.
May  4 15:22:12 ol8 systemd[1]: Stopped Switch Root.
May  4 15:22:12 ol8 systemd[1]: systemd-journald.service: Service has no hold-off time (RestartSec=0), scheduling restart.
May  4 15:22:12 ol8 systemd[1]: systemd-journald.service: Scheduled restart job, restart counter is at 1.
May  4 15:22:12 ol8 systemd-journald[596]: Journal started
May  4 15:22:12 ol8 systemd-journald[596]: Runtime journal (/run/log/journal/2db3abc0566342cda2429c0070d589ce) is 8.0M, max 396.6M, 388.6M free.
May  4 15:22:12 ol8 kernel: xfs filesystem being remounted at / supports timestamps until 2038 (0x7fffffff)
May  4 15:22:12 ol8 lvm[606]:  2 logical volume(s) in volume group "ol" monitored
May  4 15:22:12 ol8 systemd[1]: Started Create list of required static device nodes for the current kernel.
May  4 15:22:12 ol8 systemd[1]: Mounted POSIX Message Queue File System.
May  4 15:22:12 ol8 systemd[1]: Mounted Huge Pages File System.
May  4 15:22:12 ol8 systemd[1]: Started Read and set NIS domainname from /etc/sysconfig/network.
May  4 15:22:12 ol8 kernel: Adding 8278012k swap on /dev/mapper/ol-swap.  Priority:-2 extents:1 across:8278012k FS
May  4 15:22:12 ol8 systemd[1]: Started Remount Root and Kernel File Systems.
May  4 15:22:12 ol8 systemd[1]: Activated swap /dev/mapper/ol-swap.
May  4 15:22:12 ol8 systemd[1]: Started Monitoring of LVM2 mirrors, snapshots etc. using dmeventd or progress polling.
May  4 15:22:12 ol8 systemd-modules-load[608]: Module 'msr' is builtin
May  4 15:22:12 ol8 systemd[1]: Mounted Kernel Debug File System.
May  4 15:22:12 ol8 systemd[1]: Started Load Kernel Modules.
May  4 15:22:12 ol8 systemd[1]: Mounting FUSE Control File System...
May  4 15:22:12 ol8 systemd[1]: Starting Apply Kernel Variables...
May  4 15:22:12 ol8 systemd[1]: Reached target Swap.
May  4 15:22:12 ol8 systemd[1]: Starting Rebuild Hardware Database...
May  4 15:22:12 ol8 systemd[1]: Starting Create System Users...
May  4 15:22:12 ol8 systemd[1]: Starting Load/Save Random Seed...
May  4 15:22:12 ol8 systemd[1]: Starting Flush Journal to Persistent Storage...
May  4 15:22:12 ol8 systemd[1]: Mounted FUSE Control File System.
May  4 15:22:12 ol8 systemd[1]: Started udev Coldplug all Devices.
May  4 15:22:12 ol8 systemd[1]: Starting udev Wait for Complete Device Initialization...
May  4 15:22:12 ol8 systemd[1]: Started Load/Save Random Seed.
May  4 15:22:12 ol8 systemd[1]: Started Create System Users.
May  4 15:22:12 ol8 systemd[1]: Starting Create Static Device Nodes in /dev...
May  4 15:22:12 ol8 systemd-journald[596]: Runtime journal (/run/log/journal/2db3abc0566342cda2429c0070d589ce) is 8.0M, max 396.6M, 388.6M free.
May  4 15:22:12 ol8 systemd[1]: Started Flush Journal to Persistent Storage.
May  4 15:22:12 ol8 systemd-vconsole-setup[611]: KD_FONT_OP_GET failed while trying to get the font metadata: Invalid argument
May  4 15:22:12 ol8 systemd-vconsole-setup[611]: Fonts will not be copied to remaining consoles
May  4 15:22:12 ol8 systemd[1]: systemd-vconsole-setup.service: Succeeded.
May  4 15:22:12 ol8 systemd[1]: Started Setup Virtual Console.
May  4 15:22:12 ol8 systemd[1]: Started Apply Kernel Variables.
May  4 15:22:12 ol8 systemd[1]: Started Create Static Device Nodes in /dev.
May  4 15:22:12 ol8 kernel: random: crng init done
May  4 15:22:12 ol8 kernel: random: 197 urandom warning(s) missed due to ratelimiting
May  4 15:22:13 ol8 systemd[1]: Started Rebuild Hardware Database.
May  4 15:22:13 ol8 systemd[1]: Starting udev Kernel Device Manager...
May  4 15:22:13 ol8 systemd[1]: Started udev Kernel Device Manager.
May  4 15:22:13 ol8 kernel: vboxguest: host-version: 7.0.6r155176 0x8000000f
May  4 15:22:13 ol8 kernel: vbg_heartbeat_init: Setting up heartbeat to trigger every 2000 milliseconds
May  4 15:22:13 ol8 kernel: input: VirtualBox mouse integration as /devices/pci0000:00/0000:00:04.0/input/input6
May  4 15:22:13 ol8 kernel: input: PC Speaker as /devices/platform/pcspkr/input/input7
May  4 15:22:13 ol8 systemd-udevd[644]: Using default interface naming scheme 'rhel-8.0'.
May  4 15:22:13 ol8 kernel: vboxguest: misc device minor 125, IRQ 20, I/O port d040, MMIO at 0x00000000f0400000 (size 0x0000000000400000)
May  4 15:22:13 ol8 kernel: piix4_smbus 0000:00:07.0: SMBus Host Controller at 0x4100, revision 0
May  4 15:22:13 ol8 systemd-udevd[644]: link_config: autonegotiation is unset or enabled, the speed and duplex are not writable.
May  4 15:22:13 ol8 systemd-udevd[648]: Using default interface naming scheme 'rhel-8.0'.
May  4 15:22:13 ol8 systemd-udevd[648]: link_config: autonegotiation is unset or enabled, the speed and duplex are not writable.
May  4 15:22:13 ol8 systemd-udevd[658]: Using default interface naming scheme 'rhel-8.0'.
May  4 15:22:13 ol8 systemd-udevd[658]: link_config: autonegotiation is unset or enabled, the speed and duplex are not writable.
May  4 15:22:13 ol8 kernel: cryptd: max_cpu_qlen set to 1000
May  4 15:22:13 ol8 kernel: SSE version of gcm_enc/dec engaged.
May  4 15:22:13 ol8 systemd-udevd[644]: link_config: autonegotiation is unset or enabled, the speed and duplex are not writable.
May  4 15:22:13 ol8 systemd[1]: Condition check resulted in VBOX_HARDDISK 2 being skipped.
May  4 15:22:13 ol8 systemd[1]: Created slice system-lvm2\x2dpvscan.slice.
May  4 15:22:13 ol8 systemd[1]: Starting LVM event activation on device 8:2...
May  4 15:22:13 ol8 lvm[699]:  pvscan[699] PV /dev/sda2 online, VG ol is complete.
May  4 15:22:13 ol8 lvm[699]:  pvscan[699] VG ol run autoactivation.
May  4 15:22:13 ol8 lvm[699]:  3 logical volume(s) in volume group "ol" now active
May  4 15:22:13 ol8 systemd[1]: Found device /dev/mapper/ol-home.
May  4 15:22:13 ol8 systemd[1]: Started LVM event activation on device 8:2.
May  4 15:22:13 ol8 kernel: intel_rapl_msr: PL4 support detected.
May  4 15:22:13 ol8 kernel: snd_intel8x0 0000:00:05.0: allow list rate for 1028:0177 is 48000
May  4 15:22:13 ol8 systemd[1]: Started udev Wait for Complete Device Initialization.
May  4 15:22:13 ol8 systemd[1]: Reached target Local File Systems (Pre).
May  4 15:22:13 ol8 systemd[1]: Mounting /boot...
May  4 15:22:13 ol8 systemd[1]: Mounting /home...
May  4 15:22:13 ol8 kernel: XFS (dm-2): Mounting V5 Filesystem
May  4 15:22:13 ol8 kernel: XFS (sda1): Mounting V5 Filesystem
May  4 15:22:14 ol8 kernel: XFS (dm-2): Ending clean mount
May  4 15:22:14 ol8 kernel: xfs filesystem being mounted at /home supports timestamps until 2038 (0x7fffffff)
May  4 15:22:14 ol8 systemd[1]: Mounted /home.
May  4 15:22:14 ol8 kernel: XFS (sda1): Ending clean mount
May  4 15:22:14 ol8 kernel: xfs filesystem being mounted at /boot supports timestamps until 2038 (0x7fffffff)
May  4 15:22:14 ol8 systemd[1]: Mounted /boot.
May  4 15:22:14 ol8 systemd[1]: Reached target Local File Systems.
May  4 15:22:14 ol8 systemd[1]: Starting Import network configuration from initramfs...
May  4 15:22:14 ol8 systemd[1]: Starting Rebuild Journal Catalog...
May  4 15:22:14 ol8 systemd[1]: Starting Tell Plymouth To Write Out Runtime Data...
May  4 15:22:14 ol8 systemd[1]: Starting Rebuild Dynamic Linker Cache...
May  4 15:22:14 ol8 systemd[1]: Started Rebuild Journal Catalog.
May  4 15:22:14 ol8 systemd[1]: Received SIGRTMIN+20 from PID 355 (plymouthd).
May  4 15:22:14 ol8 systemd[1]: Started Tell Plymouth To Write Out Runtime Data.
May  4 15:22:14 ol8 systemd[1]: Started Import network configuration from initramfs.
May  4 15:22:14 ol8 systemd[1]: Starting Create Volatile Files and Directories...
May  4 15:22:14 ol8 systemd[1]: Started Create Volatile Files and Directories.
May  4 15:22:14 ol8 systemd[1]: Starting Security Auditing Service...
May  4 15:22:14 ol8 systemd[1]: Mounting RPC Pipe File System...
May  4 15:22:14 ol8 systemd[1]: Starting RPC Bind...
May  4 15:22:14 ol8 auditd[823]: audit dispatcher initialized with q_depth=1200 and 1 active plugins
May  4 15:22:14 ol8 systemd[1]: Started RPC Bind.
May  4 15:22:14 ol8 auditd[823]: Init complete, auditd 3.0.7 listening for events (startup state enable)
May  4 15:22:14 ol8 augenrules[828]: /sbin/augenrules: No change
May  4 15:22:14 ol8 augenrules[838]: No rules
May  4 15:22:14 ol8 augenrules[838]: enabled 1
May  4 15:22:14 ol8 augenrules[838]: failure 1
May  4 15:22:14 ol8 augenrules[838]: pid 823
May  4 15:22:14 ol8 augenrules[838]: rate_limit 0
May  4 15:22:14 ol8 augenrules[838]: backlog_limit 8192
May  4 15:22:14 ol8 augenrules[838]: lost 0
May  4 15:22:14 ol8 augenrules[838]: backlog 4
May  4 15:22:14 ol8 augenrules[838]: backlog_wait_time 60000
May  4 15:22:14 ol8 augenrules[838]: backlog_wait_time_actual 0
May  4 15:22:14 ol8 augenrules[838]: enabled 1
May  4 15:22:14 ol8 augenrules[838]: failure 1
May  4 15:22:14 ol8 augenrules[838]: pid 823
May  4 15:22:14 ol8 augenrules[838]: rate_limit 0
May  4 15:22:14 ol8 augenrules[838]: backlog_limit 8192
May  4 15:22:14 ol8 augenrules[838]: lost 0
May  4 15:22:14 ol8 augenrules[838]: backlog 4
May  4 15:22:14 ol8 augenrules[838]: backlog_wait_time 60000
May  4 15:22:14 ol8 augenrules[838]: backlog_wait_time_actual 0
May  4 15:22:14 ol8 augenrules[838]: enabled 1
May  4 15:22:14 ol8 augenrules[838]: failure 1
May  4 15:22:14 ol8 augenrules[838]: pid 823
May  4 15:22:14 ol8 augenrules[838]: rate_limit 0
May  4 15:22:14 ol8 augenrules[838]: backlog_limit 8192
May  4 15:22:14 ol8 augenrules[838]: lost 0
May  4 15:22:14 ol8 augenrules[838]: backlog 4
May  4 15:22:14 ol8 augenrules[838]: backlog_wait_time 60000
May  4 15:22:14 ol8 augenrules[838]: backlog_wait_time_actual 0
May  4 15:22:14 ol8 systemd[1]: Started Security Auditing Service.
May  4 15:22:14 ol8 systemd[1]: Starting Update UTMP about System Boot/Shutdown...
May  4 15:22:14 ol8 systemd[1]: Started Update UTMP about System Boot/Shutdown.
May  4 15:22:15 ol8 kernel: RPC: Registered named UNIX socket transport module.
May  4 15:22:15 ol8 kernel: RPC: Registered udp transport module.
May  4 15:22:15 ol8 kernel: RPC: Registered tcp transport module.
May  4 15:22:15 ol8 kernel: RPC: Registered tcp NFSv4.1 backchannel transport module.
May  4 15:22:15 ol8 systemd[1]: Mounted RPC Pipe File System.
May  4 15:22:15 ol8 systemd[1]: Reached target rpc_pipefs.target.
May  4 15:22:15 ol8 systemd[1]: Started Rebuild Dynamic Linker Cache.
May  4 15:22:15 ol8 systemd[1]: Starting Update is Completed...
May  4 15:22:15 ol8 systemd[1]: Started Update is Completed.
May  4 15:22:15 ol8 systemd[1]: Reached target System Initialization.
May  4 15:22:15 ol8 systemd[1]: Listening on D-Bus System Message Bus Socket.
May  4 15:22:15 ol8 systemd[1]: Started CUPS Scheduler.
May  4 15:22:15 ol8 systemd[1]: Reached target Paths.
May  4 15:22:15 ol8 systemd[1]: Listening on Avahi mDNS/DNS-SD Stack Activation Socket.
May  4 15:22:15 ol8 systemd[1]: Listening on Virtual machine log manager socket.
May  4 15:22:15 ol8 systemd[1]: Listening on SSSD Kerberos Cache Manager responder socket.
May  4 15:22:15 ol8 systemd[1]: Started Daily Cleanup of Temporary Directories.
May  4 15:22:15 ol8 systemd[1]: Started Updates mlocate database every day.
May  4 15:22:15 ol8 systemd[1]: Started dnf makecache --timer.
May  4 15:22:15 ol8 systemd[1]: Listening on Open-iSCSI iscsiuio Socket.
May  4 15:22:15 ol8 systemd[1]: Started daily update of the root trust anchor for DNSSEC.
May  4 15:22:15 ol8 systemd[1]: Reached target Timers.
May  4 15:22:15 ol8 systemd[1]: Listening on CUPS Scheduler.
May  4 15:22:15 ol8 systemd[1]: Listening on Open-iSCSI iscsid Socket.
May  4 15:22:15 ol8 systemd[1]: Listening on Virtual machine lock manager socket.
May  4 15:22:15 ol8 systemd[1]: Listening on Libvirt local socket.
May  4 15:22:15 ol8 systemd[1]: Listening on Libvirt local read-only socket.
May  4 15:22:15 ol8 systemd[1]: Listening on Libvirt admin socket.
May  4 15:22:15 ol8 systemd[1]: Reached target Sockets.
May  4 15:22:15 ol8 systemd[1]: Reached target Basic System.
May  4 15:22:15 ol8 systemd[1]: Starting OpenSSH rsa Server Key Generation...
May  4 15:22:15 ol8 systemd[1]: Starting Kernel Samepage Merging...
May  4 15:22:15 ol8 systemd[1]: Starting VDO volume services...
May  4 15:22:15 ol8 systemd[1]: Started Machine Check Exception Logging Daemon.
May  4 15:22:15 ol8 systemd[1]: Started D-Bus System Message Bus.
May  4 15:22:15 ol8 mcelog[858]: mcelog: Family 6 Model 154 CPU: only decoding architectural errors
May  4 15:22:15 ol8 systemd[1]: Starting Avahi mDNS/DNS-SD Stack...
May  4 15:22:15 ol8 systemd[1]: Starting Authorization Manager...
May  4 15:22:15 ol8 systemd[1]: Starting System Security Services Daemon...
May  4 15:22:15 ol8 avahi-daemon[862]: Found user 'avahi' (UID 70) and group 'avahi' (GID 70).
May  4 15:22:15 ol8 systemd[1]: Starting Self Monitoring and Reporting Technology (SMART) Daemon...
May  4 15:22:15 ol8 systemd[1]: Starting OpenSSH ed25519 Server Key Generation...
May  4 15:22:15 ol8 smartd[865]: smartd 7.1 2020-04-05 r5049 [x86_64-linux-5.15.0-3.60.5.1.el8uek.x86_64] (local build)
May  4 15:22:15 ol8 smartd[865]: Copyright (C) 2002-19, Bruce Allen, Christian Franke, www.smartmontools.org
May  4 15:22:15 ol8 smartd[865]: Opened configuration file /etc/smartmontools/smartd.conf
May  4 15:22:15 ol8 smartd[865]: Configuration file /etc/smartmontools/smartd.conf was parsed, found DEVICESCAN, scanning devices
May  4 15:22:15 ol8 systemd[1]: Starting Initial Setup configuration program...
May  4 15:22:15 ol8 smartd[865]: Device: /dev/sda, type changed from 'scsi' to 'sat'
May  4 15:22:15 ol8 smartd[865]: Device: /dev/sda [SAT], opened
May  4 15:22:15 ol8 smartd[865]: Device: /dev/sda [SAT], VBOX HARDDISK, S/N:VB55b8072e-3dc83b67, FW:1.0, 85.8 GB
May  4 15:22:15 ol8 systemd[1]: Starting Restore /run/initramfs on shutdown...
May  4 15:22:15 ol8 systemd[1]: Started libstoragemgmt plug-in server daemon.
May  4 15:22:15 ol8 smartd[865]: Device: /dev/sda [SAT], not found in smartd database.
May  4 15:22:15 ol8 smartd[865]: Device: /dev/sda [SAT], lacks SMART capability
May  4 15:22:15 ol8 smartd[865]: Device: /dev/sda [SAT], to proceed anyway, use '-T permissive' Directive.
May  4 15:22:15 ol8 smartd[865]: Monitoring 0 ATA/SATA, 0 SCSI/SAS and 0 NVMe devices
May  4 15:22:16 ol8 systemd[1]: Starting Disk Manager...
May  4 15:22:16 ol8 systemd[1]: Started Manage Sound Card State (restore and store).
May  4 15:22:16 ol8 systemd[1]: Reached target Sound Card.
May  4 15:22:16 ol8 alsactl[881]: alsactl 1.2.7 daemon started
May  4 15:22:16 ol8 alsactl[881]: Found hardware: "ICH" "Analog Devices AD1980" "AC97a:41445370" "0x1028" "0x0177"
May  4 15:22:16 ol8 alsactl[881]: Hardware is initialized using a generic method
May  4 15:22:16 ol8 alsactl[881]: /usr/sbin/alsactl: load_state:1689: Cannot open /var/lib/alsa/asound.state for reading: No such file or directory
May  4 15:22:16 ol8 alsactl[881]: alsa-lib main.c:1541:(snd_use_case_mgr_open) error: failed to import hw:0 use case configuration -2
May  4 15:22:16 ol8 systemd[1]: Started irqbalance daemon.
May  4 15:22:16 ol8 systemd[1]: Starting NTP client/server...
May  4 15:22:16 ol8 systemd[1]: Starting OpenSSH ecdsa Server Key Generation...
May  4 15:22:16 ol8 systemd[1]: Starting RealtimeKit Scheduling Policy Service...
May  4 15:22:16 ol8 systemd[1]: Starting Virtual Machine and Container Registration Service...
May  4 15:22:16 ol8 journal[880]: udisks daemon version 2.9.0 starting
May  4 15:22:16 ol8 systemd[1]: Started Self Monitoring and Reporting Technology (SMART) Daemon.
May  4 15:22:16 ol8 systemd[1]: sshd-keygen@rsa.service: Succeeded.
May  4 15:22:16 ol8 systemd[1]: Started OpenSSH rsa Server Key Generation.
May  4 15:22:16 ol8 chronyd[902]: chronyd version 4.2 starting (+CMDMON +NTP +REFCLOCK +RTC +PRIVDROP +SCFILTER +SIGND +ASYNCDNS +NTS +SECHASH +IPV6 +DEBUG)
May  4 15:22:16 ol8 systemd[1]: Started Kernel Samepage Merging.
May  4 15:22:16 ol8 systemd[1]: sshd-keygen@ed25519.service: Succeeded.
May  4 15:22:16 ol8 systemd[1]: Started OpenSSH ed25519 Server Key Generation.
May  4 15:22:16 ol8 chronyd[902]: Using right/UTC timezone to obtain leap second data
May  4 15:22:16 ol8 systemd[1]: Started Restore /run/initramfs on shutdown.
May  4 15:22:16 ol8 systemd[1]: sshd-keygen@ecdsa.service: Succeeded.
May  4 15:22:16 ol8 systemd[1]: Started OpenSSH ecdsa Server Key Generation.
May  4 15:22:16 ol8 systemd[1]: Received SIGRTMIN+21 from PID 871 (n/a).
May  4 15:22:16 ol8 dbus-daemon[861]: [system] Successfully activated service 'org.freedesktop.systemd1'
May  4 15:22:16 ol8 dbus-daemon[861]: [system] Activating via systemd: service name='org.freedesktop.PolicyKit1' unit='polkit.service' requested by ':1.3' (uid=0 pid=880 comm="/usr/libexec/udisks2/udisksd " label="system_u:system_r:devicekit_disk_t:s0")
May  4 15:22:16 ol8 systemd[1]: Starting Kernel Samepage Merging (KSM) Tuning Daemon...
May  4 15:22:16 ol8 systemd[1]: Reached target sshd-keygen.target.
May  4 15:22:16 ol8 avahi-daemon[862]: Successfully dropped root privileges.
May  4 15:22:16 ol8 avahi-daemon[862]: avahi-daemon 0.7 starting up.
May  4 15:22:16 ol8 avahi-daemon[862]: WARNING: No NSS support for mDNS detected, consider installing nss-mdns!
May  4 15:22:16 ol8 polkitd[863]: Started polkitd version 0.115
May  4 15:22:16 ol8 avahi-daemon[862]: Successfully called chroot().
May  4 15:22:16 ol8 avahi-daemon[862]: Successfully dropped remaining capabilities.
May  4 15:22:16 ol8 avahi-daemon[862]: No service file found in /etc/avahi/services.
May  4 15:22:16 ol8 systemd[1]: Received SIGRTMIN+21 from PID 355 (plymouthd).
May  4 15:22:16 ol8 systemd[1]: Started Avahi mDNS/DNS-SD Stack.
May  4 15:22:16 ol8 avahi-daemon[862]: Network interface enumeration completed.
May  4 15:22:16 ol8 avahi-daemon[862]: Server startup complete. Host name is ol8.local. Local service cookie is 1065869728.
May  4 15:22:16 ol8 systemd[1]: Started NTP client/server.
May  4 15:22:16 ol8 systemd[1]: Started Kernel Samepage Merging (KSM) Tuning Daemon.
May  4 15:22:16 ol8 systemd[1]: Received SIGRTMIN+21 from PID 355 (n/a).
May  4 15:22:16 ol8 systemd[1]: Started RealtimeKit Scheduling Policy Service.
May  4 15:22:16 ol8 systemd[1]: Started Virtual Machine and Container Registration Service.
May  4 15:22:16 ol8 initial-setup[925]: Starting Initial Setup GUI
May  4 15:22:16 ol8 run-initial-setup[927]: X.Org X Server 1.20.11
May  4 15:22:16 ol8 run-initial-setup[927]: X Protocol Version 11, Revision 0
May  4 15:22:16 ol8 run-initial-setup[927]: Build Operating System:  5.4.17-2136.310.7.1.el8uek.x86_64
May  4 15:22:16 ol8 run-initial-setup[927]: Current Operating System: Linux ol8.domain 5.15.0-3.60.5.1.el8uek.x86_64 #2 SMP Wed Oct 19 20:04:48 PDT 2022 x86_64
May  4 15:22:16 ol8 run-initial-setup[927]: Kernel command line: BOOT_IMAGE=(hd0,msdos1)/vmlinuz-5.15.0-3.60.5.1.el8uek.x86_64 root=/dev/mapper/ol-root ro resume=/dev/mapper/ol-swap rd.lvm.lv=ol/root rd.lvm.lv=ol/swap rhgb quiet
May  4 15:22:16 ol8 run-initial-setup[927]: Build Date: 02 October 2022  08:19:47PM
May  4 15:22:16 ol8 run-initial-setup[927]: Build ID: xorg-x11-server 1.20.11-9.el8
May  4 15:22:16 ol8 run-initial-setup[927]: Current version of pixman: 0.38.4
May  4 15:22:16 ol8 run-initial-setup[927]: #011Before reporting problems, check http://wiki.x.org
May  4 15:22:16 ol8 run-initial-setup[927]: #011to make sure that you have the latest version.
May  4 15:22:16 ol8 run-initial-setup[927]: Markers: (--) probed, (**) from config file, (==) default setting,
May  4 15:22:16 ol8 run-initial-setup[927]: #011(++) from command line, (!!) notice, (II) informational,
May  4 15:22:16 ol8 run-initial-setup[927]: #011(WW) warning, (EE) error, (NI) not implemented, (??) unknown.
May  4 15:22:16 ol8 run-initial-setup[927]: (==) Log file: "/var/log/Xorg.9.log", Time: Thu May  4 15:22:16 2023
May  4 15:22:16 ol8 run-initial-setup[927]: (==) Using config directory: "/etc/X11/xorg.conf.d"
May  4 15:22:16 ol8 run-initial-setup[927]: (==) Using system config directory "/usr/share/X11/xorg.conf.d"
May  4 15:22:16 ol8 sssd[864]: Starting up
May  4 15:22:16 ol8 dbus-daemon[861]: [system] Successfully activated service 'org.freedesktop.PolicyKit1'
May  4 15:22:16 ol8 systemd[1]: Started Authorization Manager.
May  4 15:22:16 ol8 systemd[1]: Starting Modem Manager...
May  4 15:22:16 ol8 systemd[1]: Starting firewalld - dynamic firewall daemon...
May  4 15:22:16 ol8 ModemManager[937]: <info>  ModemManager (version 1.18.2-1.el8) starting in system bus...
May  4 15:22:16 ol8 sssd_be[952]: Starting up
May  4 15:22:16 ol8 systemd[1]: Started VDO volume services.
May  4 15:22:16 ol8 systemd[1]: Started Modem Manager.
May  4 15:22:16 ol8 sssd_nss[966]: Starting up
May  4 15:22:16 ol8 systemd[1]: Started System Security Services Daemon.
May  4 15:22:16 ol8 systemd[1]: Reached target User and Group Name Lookups.
May  4 15:22:16 ol8 systemd[1]: Starting Login Service...
May  4 15:22:16 ol8 systemd[1]: Starting Accounts Service...
May  4 15:22:16 ol8 dbus-daemon[861]: [system] Activating via systemd: service name='org.freedesktop.realmd' unit='realmd.service' requested by ':1.12' (uid=0 pid=992 comm="/usr/libexec/accounts-daemon " label="system_u:system_r:accountsd_t:s0")
May  4 15:22:16 ol8 systemd[1]: Starting Realm and Domain Configuration...
May  4 15:22:16 ol8 systemd[1]: Started Disk Manager.
May  4 15:22:16 ol8 dbus-daemon[861]: [system] Successfully activated service 'org.freedesktop.realmd'
May  4 15:22:16 ol8 systemd[1]: Started Realm and Domain Configuration.
May  4 15:22:17 ol8 accounts-daemon[992]: started daemon version 0.6.55
May  4 15:22:17 ol8 systemd[1]: Started Accounts Service.
May  4 15:22:17 ol8 systemd-logind[991]: New seat seat0.
May  4 15:22:17 ol8 run-initial-setup[927]: VMware: No 3D enabled (0, Success).
May  4 15:22:17 ol8 journal[880]: Acquired the name org.freedesktop.UDisks2 on the system message bus
May  4 15:22:17 ol8 systemd-logind[991]: Watching system buttons on /dev/input/event0 (Power Button)
May  4 15:22:17 ol8 systemd-logind[991]: Watching system buttons on /dev/input/event1 (Sleep Button)
May  4 15:22:17 ol8 systemd-logind[991]: Watching system buttons on /dev/input/event2 (AT Translated Set 2 keyboard)
May  4 15:22:17 ol8 systemd[1]: Started Login Service.
May  4 15:22:17 ol8 systemd[1]: Started firewalld - dynamic firewall daemon.
May  4 15:22:17 ol8 systemd[1]: Reached target Network (Pre).
May  4 15:22:17 ol8 systemd[1]: Starting Network Manager...
May  4 15:22:17 ol8 NetworkManager[1057]: <info>  [1683188537.3130] NetworkManager (version 1.40.0-1.0.2.el8) is starting... (boot:bc20ca97-ccb6-4be1-9bc5-9b8b29577357)
May  4 15:22:17 ol8 NetworkManager[1057]: <info>  [1683188537.3147] Read config: /etc/NetworkManager/NetworkManager.conf (lib: 00-server.conf) (run: 15-carrier-timeout.conf)
May  4 15:22:17 ol8 systemd[1]: Started Network Manager.
May  4 15:22:17 ol8 NetworkManager[1057]: <info>  [1683188537.3189] bus-manager: acquired D-Bus service "org.freedesktop.NetworkManager"
May  4 15:22:17 ol8 systemd[1]: Starting Network Manager Wait Online...
May  4 15:22:17 ol8 systemd[1]: Reached target Network.
May  4 15:22:17 ol8 systemd[1]: Starting OpenSSH server daemon...
May  4 15:22:17 ol8 systemd[1]: Starting GSSAPI Proxy Daemon...
May  4 15:22:17 ol8 systemd[1]: Starting CUPS Scheduler...
May  4 15:22:17 ol8 systemd[1]: Starting Dynamic System Tuning Daemon...
May  4 15:22:17 ol8 NetworkManager[1057]: <info>  [1683188537.3587] manager[0x55d7c1098090]: monitoring kernel firmware directory '/lib/firmware'.
May  4 15:22:17 ol8 systemd[1]: Started OpenSSH server daemon.
May  4 15:22:17 ol8 dbus-daemon[861]: [system] Activating via systemd: service name='org.freedesktop.hostname1' unit='dbus-org.freedesktop.hostname1.service' requested by ':1.16' (uid=0 pid=1057 comm="/usr/sbin/NetworkManager --no-daemon " label="system_u:system_r:NetworkManager_t:s0")
May  4 15:22:17 ol8 systemd[1]: Starting Hostname Service...
May  4 15:22:17 ol8 firewalld[938]: WARNING: AllowZoneDrifting is enabled. This is considered an insecure configuration option. It will be removed in a future release. Please consider disabling it now.
May  4 15:22:17 ol8 systemd[1]: Started GSSAPI Proxy Daemon.
May  4 15:22:17 ol8 systemd[1]: Reached target NFS client services.
May  4 15:22:17 ol8 systemd[1]: Started CUPS Scheduler.
May  4 15:22:17 ol8 initial-setup[1090]: Running Metacity with custom overrides
May  4 15:22:17 ol8 initial-setup[1095]: Running (/usr/libexec/initial-setup/initial-setup-graphical)
May  4 15:22:17 ol8 dbus-daemon[861]: [system] Successfully activated service 'org.freedesktop.hostname1'
May  4 15:22:17 ol8 systemd[1]: Started Hostname Service.
May  4 15:22:17 ol8 NetworkManager[1057]: <info>  [1683188537.5258] hostname: hostname: using hostnamed
May  4 15:22:17 ol8 NetworkManager[1057]: <info>  [1683188537.5269] hostname: static hostname changed from (none) to "ol8.domain"
May  4 15:22:17 ol8 NetworkManager[1057]: <info>  [1683188537.5273] dns-mgr: init: dns=default,systemd-resolved rc-manager=symlink
May  4 15:22:17 ol8 NetworkManager[1057]: <info>  [1683188537.5587] manager[0x55d7c1098090]: rfkill: Wi-Fi hardware radio set enabled
May  4 15:22:17 ol8 NetworkManager[1057]: <info>  [1683188537.5588] manager[0x55d7c1098090]: rfkill: WWAN hardware radio set enabled
May  4 15:22:17 ol8 systemd[1]: Listening on Load/Save RF Kill Switch Status /dev/rfkill Watch.
May  4 15:22:17 ol8 NetworkManager[1057]: <info>  [1683188537.5957] Loaded device plugin: NMBluezManager (/usr/lib64/NetworkManager/1.40.0-1.0.2.el8/libnm-device-plugin-bluetooth.so)
May  4 15:22:17 ol8 NetworkManager[1057]: <info>  [1683188537.6040] Loaded device plugin: NMAtmManager (/usr/lib64/NetworkManager/1.40.0-1.0.2.el8/libnm-device-plugin-adsl.so)
May  4 15:22:17 ol8 NetworkManager[1057]: <info>  [1683188537.6100] Loaded device plugin: NMWifiFactory (/usr/lib64/NetworkManager/1.40.0-1.0.2.el8/libnm-device-plugin-wifi.so)
May  4 15:22:17 ol8 NetworkManager[1057]: <info>  [1683188537.6121] Loaded device plugin: NMWwanFactory (/usr/lib64/NetworkManager/1.40.0-1.0.2.el8/libnm-device-plugin-wwan.so)
May  4 15:22:17 ol8 NetworkManager[1057]: <info>  [1683188537.6153] Loaded device plugin: NMTeamFactory (/usr/lib64/NetworkManager/1.40.0-1.0.2.el8/libnm-device-plugin-team.so)
May  4 15:22:17 ol8 NetworkManager[1057]: <info>  [1683188537.6173] manager: rfkill: Wi-Fi enabled by radio killswitch; enabled by state file
May  4 15:22:17 ol8 NetworkManager[1057]: <info>  [1683188537.6175] manager: rfkill: WWAN enabled by radio killswitch; enabled by state file
May  4 15:22:17 ol8 NetworkManager[1057]: <info>  [1683188537.6175] manager: Networking is enabled by state file
May  4 15:22:17 ol8 dbus-daemon[861]: [system] Activating via systemd: service name='org.freedesktop.nm_dispatcher' unit='dbus-org.freedesktop.nm-dispatcher.service' requested by ':1.16' (uid=0 pid=1057 comm="/usr/sbin/NetworkManager --no-daemon " label="system_u:system_r:NetworkManager_t:s0")
May  4 15:22:17 ol8 systemd[1]: Starting Network Manager Script Dispatcher Service...
May  4 15:22:17 ol8 NetworkManager[1057]: <info>  [1683188537.6260] settings: Loaded settings plugin: ifcfg-rh ("/usr/lib64/NetworkManager/1.40.0-1.0.2.el8/libnm-settings-plugin-ifcfg-rh.so")
May  4 15:22:17 ol8 NetworkManager[1057]: <info>  [1683188537.6260] settings: Loaded settings plugin: keyfile (internal)
May  4 15:22:17 ol8 NetworkManager[1057]: <info>  [1683188537.6435] dhcp: init: Using DHCP client 'internal'
May  4 15:22:17 ol8 NetworkManager[1057]: <info>  [1683188537.6439] device (lo): carrier: link connected
May  4 15:22:17 ol8 NetworkManager[1057]: <info>  [1683188537.6444] manager: (lo): new Generic device (/org/freedesktop/NetworkManager/Devices/1)
May  4 15:22:17 ol8 NetworkManager[1057]: <info>  [1683188537.6470] manager: (enp0s3): new Ethernet device (/org/freedesktop/NetworkManager/Devices/2)
May  4 15:22:17 ol8 NetworkManager[1057]: <info>  [1683188537.6473] device (enp0s3): state change: unmanaged -> unavailable (reason 'managed', sys-iface-state: 'external')
May  4 15:22:17 ol8 kernel: e1000: enp0s3 NIC Link is Up 1000 Mbps Full Duplex, Flow Control: RX
May  4 15:22:17 ol8 NetworkManager[1057]: <info>  [1683188537.6687] device (enp0s3): carrier: link connected
May  4 15:22:17 ol8 dbus-daemon[861]: [system] Successfully activated service 'org.freedesktop.nm_dispatcher'
May  4 15:22:17 ol8 systemd[1]: Started Network Manager Script Dispatcher Service.
May  4 15:22:17 ol8 kernel: IPv6: ADDRCONF(NETDEV_CHANGE): enp0s3: link becomes ready
May  4 15:22:17 ol8 NetworkManager[1057]: <info>  [1683188537.6706] manager: (enp0s8): new Ethernet device (/org/freedesktop/NetworkManager/Devices/3)
May  4 15:22:17 ol8 NetworkManager[1057]: <info>  [1683188537.6755] device (enp0s8): state change: unmanaged -> unavailable (reason 'managed', sys-iface-state: 'external')
May  4 15:22:17 ol8 kernel: e1000: enp0s8 NIC Link is Up 1000 Mbps Full Duplex, Flow Control: RX
May  4 15:22:17 ol8 NetworkManager[1057]: <info>  [1683188537.7440] device (enp0s8): carrier: link connected
May  4 15:22:17 ol8 NetworkManager[1057]: <info>  [1683188537.7462] manager: (enp0s9): new Ethernet device (/org/freedesktop/NetworkManager/Devices/4)
May  4 15:22:17 ol8 NetworkManager[1057]: <info>  [1683188537.7466] device (enp0s9): state change: unmanaged -> unavailable (reason 'managed', sys-iface-state: 'external')
May  4 15:22:17 ol8 kernel: e1000: enp0s9 NIC Link is Up 1000 Mbps Full Duplex, Flow Control: RX
May  4 15:22:17 ol8 NetworkManager[1057]: <info>  [1683188537.7876] device (enp0s9): carrier: link connected
May  4 15:22:17 ol8 NetworkManager[1057]: <info>  [1683188537.8088] device (enp0s3): state change: unavailable -> disconnected (reason 'none', sys-iface-state: 'managed')
May  4 15:22:17 ol8 NetworkManager[1057]: <info>  [1683188537.8353] device (enp0s8): state change: unavailable -> disconnected (reason 'none', sys-iface-state: 'managed')
May  4 15:22:17 ol8 NetworkManager[1057]: <info>  [1683188537.8357] device (enp0s9): state change: unavailable -> disconnected (reason 'none', sys-iface-state: 'managed')
May  4 15:22:17 ol8 NetworkManager[1057]: <info>  [1683188537.8408] modem-manager: ModemManager available
May  4 15:22:17 ol8 NetworkManager[1057]: <info>  [1683188537.8410] manager: startup complete
May  4 15:22:17 ol8 systemd[1]: Started Network Manager Wait Online.
May  4 15:22:17 ol8 systemd[1]: Reached target Network is Online.
May  4 15:22:17 ol8 systemd[1]: Starting Open-iSCSI...
May  4 15:22:17 ol8 systemd[1]: Starting System Logging Service...
May  4 15:22:17 ol8 systemd[1]: Starting Notify NFS peers of a restart...
May  4 15:22:17 ol8 sm-notify[1143]: Version 2.3.3 starting
May  4 15:22:17 ol8 systemd[1]: Started Notify NFS peers of a restart.
May  4 15:22:17 ol8 systemd[1]: Started System Logging Service.
May  4 15:22:17 ol8 rsyslogd[1142]: [origin software="rsyslogd" swVersion="8.2102.0-10.el8" x-pid="1142" x-info="https://www.rsyslog.com"] start
May  4 15:22:17 ol8 rsyslogd[1142]: imjournal: No statefile exists, /var/lib/rsyslog/imjournal.state will be created (ignore if this is first run): No such file or directory [v8.2102.0-10.el8 try https://www.rsyslog.com/e/2040 ]
May  4 15:22:17 ol8 kernel: Loading iSCSI transport class v2.0-870.
May  4 15:22:17 ol8 dbus-daemon[1171]: [session uid=0 pid=1115] Activating service name='org.a11y.Bus' requested by ':1.0' (uid=0 pid=1093 comm="/usr/bin/metacity " label="system_u:system_r:unconfined_service_t:s0")
May  4 15:22:17 ol8 iscsid[1141]: iscsid: InitiatorName=iqn.1988-12.com.oracle:baa26f60339d
May  4 15:22:17 ol8 iscsid[1141]: iscsid: InitiatorAlias=ol8.domain
May  4 15:22:17 ol8 iscsid[1141]: iscsid: Max file limits 1024 262144
May  4 15:22:17 ol8 rsyslogd[1142]: imjournal: journal files changed, reloading...  [v8.2102.0-10.el8 try https://www.rsyslog.com/e/0 ]
May  4 15:22:17 ol8 systemd[1]: Started Open-iSCSI.
May  4 15:22:17 ol8 systemd[1]: Starting Logout off all iSCSI sessions on shutdown...
May  4 15:22:18 ol8 systemd[1]: Started Logout off all iSCSI sessions on shutdown.
May  4 15:22:18 ol8 systemd[1]: Reached target Remote File Systems (Pre).
May  4 15:22:18 ol8 systemd[1]: Reached target Remote File Systems.
May  4 15:22:18 ol8 systemd[1]: Starting Virtualization daemon...
May  4 15:22:18 ol8 systemd[1]: Starting Permit User Sessions...
May  4 15:22:18 ol8 systemd[1]: Started Permit User Sessions.
May  4 15:22:18 ol8 systemd[1]: Started Job spooling tools.
May  4 15:22:18 ol8 systemd[1]: Started Command Scheduler.
May  4 15:22:18 ol8 dbus-daemon[1171]: [session uid=0 pid=1115] Successfully activated service 'org.a11y.Bus'
May  4 15:22:18 ol8 org.a11y.Bus[1215]: dbus-daemon[1215]: Activating service name='org.a11y.atspi.Registry' requested by ':1.0' (uid=0 pid=1093 comm="/usr/bin/metacity " label="system_u:system_r:unconfined_service_t:s0")
May  4 15:22:18 ol8 org.a11y.Bus[1215]: dbus-daemon[1215]: Successfully activated service 'org.a11y.atspi.Registry'
May  4 15:22:18 ol8 org.a11y.Bus[1238]: SpiRegistry daemon is running with well-known name - org.a11y.atspi.Registry
May  4 15:22:18 ol8 systemd[1]: Started Virtualization daemon.
May  4 15:22:18 ol8 NetworkManager[1057]: <info>  [1683188538.4696] manager: (virbr0): new Bridge device (/org/freedesktop/NetworkManager/Devices/5)
May  4 15:22:18 ol8 systemd-udevd[1374]: Using default interface naming scheme 'rhel-8.0'.
May  4 15:22:18 ol8 systemd-udevd[1374]: link_config: autonegotiation is unset or enabled, the speed and duplex are not writable.
May  4 15:22:18 ol8 systemd[1]: Started Dynamic System Tuning Daemon.
May  4 15:22:18 ol8 kernel: IPv6: ADDRCONF(NETDEV_CHANGE): enp0s8: link becomes ready
May  4 15:22:18 ol8 kernel: IPv6: ADDRCONF(NETDEV_CHANGE): enp0s9: link becomes ready
May  4 15:22:18 ol8 initial-setup[1096]: Initial Setup 0.3.81.7
May  4 15:22:18 ol8 initial-setup[1096]: found 3 addon modules:
May  4 15:22:18 ol8 anaconda[1096]: anaconda: misc: Writing a temporary configuration loaded from: ['/etc/anaconda/anaconda.conf', '/etc/initial-setup/conf.d/10-initial-setup.conf']
May  4 15:22:18 ol8 anaconda[1096]: program: Running... dbus-daemon --print-address --syslog --config-file=/usr/share/anaconda/dbus/anaconda-bus.conf
May  4 15:22:19 ol8 anaconda[1096]: anaconda: core.dbus: Connecting to the Anaconda bus at unix:abstract=/tmp/dbus-SVLBQAfuEK,guid=9dfc33720e2cc2ffe847b5c764536b3a.
May  4 15:22:19 ol8 dbus-daemon[1448]: Activating service name='org.fedoraproject.Anaconda.Boss' requested by ':1.0' (uid=0 pid=1096 comm="/usr/libexec/platform-python /usr/libexec/initial-" label="system_u:system_r:unconfined_service_t:s0")
May  4 15:22:19 ol8 org.fedoraproject.Anaconda.Boss[1455]: DEBUG:anaconda.modules.common:The configuration is loaded from: ['/run/anaconda/anaconda.conf']
May  4 15:22:19 ol8 org.fedoraproject.Anaconda.Boss[1455]: WARNING:py.warnings:/usr/lib64/python3.6/site-packages/pyanaconda/core/util.py:33: DeprecationWarning: the imp module is deprecated in favour of importlib; see the module's documentation for alternative uses
May  4 15:22:19 ol8 org.fedoraproject.Anaconda.Boss[1455]:  import imp
May  4 15:22:19 ol8 org.fedoraproject.Anaconda.Boss[1455]: DEBUG:anaconda.modules.common.base.base:Publish the service.
May  4 15:22:19 ol8 org.fedoraproject.Anaconda.Boss[1455]: DEBUG:dasbus.connection:Publishing an object at /org/fedoraproject/Anaconda/Boss.
May  4 15:22:19 ol8 org.fedoraproject.Anaconda.Boss[1455]: INFO:anaconda.core.dbus:Connecting to the Anaconda bus at unix:abstract=/tmp/dbus-SVLBQAfuEK,guid=9dfc33720e2cc2ffe847b5c764536b3a.
May  4 15:22:19 ol8 org.fedoraproject.Anaconda.Boss[1455]: DEBUG:dasbus.connection:Registering a service name org.fedoraproject.Anaconda.Boss.
May  4 15:22:19 ol8 dbus-daemon[1448]: Successfully activated service 'org.fedoraproject.Anaconda.Boss'
May  4 15:22:19 ol8 org.fedoraproject.Anaconda.Boss[1455]: DEBUG:anaconda.modules.common.base.base:Start the loop.
May  4 15:22:19 ol8 org.fedoraproject.Anaconda.Boss[1455]: DEBUG:dasbus.connection:Publishing an object at /org/fedoraproject/Anaconda/Boss/Task/1.
May  4 15:22:19 ol8 org.fedoraproject.Anaconda.Boss[1455]: INFO:anaconda.threading:Running Thread: AnaTaskThread-StartModulesTask-1 (140461057218304)
May  4 15:22:19 ol8 org.fedoraproject.Anaconda.Boss[1455]: DEBUG:anaconda.modules.boss.module_manager.start_modules:Found org.fedoraproject.Anaconda.Modules.Timezone.
May  4 15:22:19 ol8 org.fedoraproject.Anaconda.Boss[1455]: DEBUG:anaconda.modules.boss.module_manager.start_modules:Found org.fedoraproject.Anaconda.Modules.Network.
May  4 15:22:19 ol8 org.fedoraproject.Anaconda.Boss[1455]: DEBUG:anaconda.modules.boss.module_manager.start_modules:Found org.fedoraproject.Anaconda.Modules.Localization.
May  4 15:22:19 ol8 org.fedoraproject.Anaconda.Boss[1455]: DEBUG:anaconda.modules.boss.module_manager.start_modules:Found org.fedoraproject.Anaconda.Modules.Security.
May  4 15:22:19 ol8 org.fedoraproject.Anaconda.Boss[1455]: DEBUG:anaconda.modules.boss.module_manager.start_modules:Found org.fedoraproject.Anaconda.Modules.Users.
May  4 15:22:19 ol8 org.fedoraproject.Anaconda.Boss[1455]: DEBUG:anaconda.modules.boss.module_manager.start_modules:Found org.fedoraproject.Anaconda.Modules.Services.
May  4 15:22:19 ol8 org.fedoraproject.Anaconda.Boss[1455]: DEBUG:anaconda.modules.boss.module_manager.start_modules:Starting org.fedoraproject.Anaconda.Modules.Timezone
May  4 15:22:19 ol8 org.fedoraproject.Anaconda.Boss[1455]: DEBUG:anaconda.modules.boss.module_manager.start_modules:Starting org.fedoraproject.Anaconda.Modules.Network
May  4 15:22:19 ol8 org.fedoraproject.Anaconda.Boss[1455]: DEBUG:anaconda.modules.boss.module_manager.start_modules:Starting org.fedoraproject.Anaconda.Modules.Localization
May  4 15:22:19 ol8 org.fedoraproject.Anaconda.Boss[1455]: DEBUG:anaconda.modules.boss.module_manager.start_modules:Starting org.fedoraproject.Anaconda.Modules.Security
May  4 15:22:19 ol8 org.fedoraproject.Anaconda.Boss[1455]: DEBUG:anaconda.modules.boss.module_manager.start_modules:Starting org.fedoraproject.Anaconda.Modules.Users
May  4 15:22:19 ol8 org.fedoraproject.Anaconda.Boss[1455]: DEBUG:anaconda.modules.boss.module_manager.start_modules:Starting org.fedoraproject.Anaconda.Modules.Services
May  4 15:22:19 ol8 dbus-daemon[1448]: Activating service name='org.fedoraproject.Anaconda.Modules.Timezone' requested by ':1.1' (uid=0 pid=1455 comm="/usr/libexec/platform-python -m pyanaconda.modules" label="system_u:system_r:unconfined_service_t:s0")
May  4 15:22:19 ol8 dbus-daemon[1448]: Activating service name='org.fedoraproject.Anaconda.Modules.Network' requested by ':1.1' (uid=0 pid=1455 comm="/usr/libexec/platform-python -m pyanaconda.modules" label="system_u:system_r:unconfined_service_t:s0")
May  4 15:22:19 ol8 dbus-daemon[1448]: Activating service name='org.fedoraproject.Anaconda.Modules.Localization' requested by ':1.1' (uid=0 pid=1455 comm="/usr/libexec/platform-python -m pyanaconda.modules" label="system_u:system_r:unconfined_service_t:s0")
May  4 15:22:19 ol8 dbus-daemon[1448]: Activating service name='org.fedoraproject.Anaconda.Modules.Security' requested by ':1.1' (uid=0 pid=1455 comm="/usr/libexec/platform-python -m pyanaconda.modules" label="system_u:system_r:unconfined_service_t:s0")
May  4 15:22:19 ol8 dbus-daemon[1448]: Activating service name='org.fedoraproject.Anaconda.Modules.Users' requested by ':1.1' (uid=0 pid=1455 comm="/usr/libexec/platform-python -m pyanaconda.modules" label="system_u:system_r:unconfined_service_t:s0")
May  4 15:22:19 ol8 dbus-daemon[1448]: Activating service name='org.fedoraproject.Anaconda.Modules.Services' requested by ':1.1' (uid=0 pid=1455 comm="/usr/libexec/platform-python -m pyanaconda.modules" label="system_u:system_r:unconfined_service_t:s0")
May  4 15:22:19 ol8 ModemManager[937]: <info>  [base-manager] couldn't check support for device '/sys/devices/pci0000:00/0000:00:03.0': not supported by any plugin
May  4 15:22:19 ol8 ModemManager[937]: <info>  [base-manager] couldn't check support for device '/sys/devices/pci0000:00/0000:00:08.0': not supported by any plugin
May  4 15:22:19 ol8 ModemManager[937]: <info>  [base-manager] couldn't check support for device '/sys/devices/pci0000:00/0000:00:09.0': not supported by any plugin
May  4 15:22:19 ol8 NetworkManager[1057]: <info>  [1683188539.3014] device (virbr0): state change: unmanaged -> unavailable (reason 'connection-assumed', sys-iface-state: 'external')
May  4 15:22:19 ol8 NetworkManager[1057]: <info>  [1683188539.3024] device (virbr0): state change: unavailable -> disconnected (reason 'connection-assumed', sys-iface-state: 'external')
May  4 15:22:19 ol8 NetworkManager[1057]: <info>  [1683188539.3031] device (virbr0): Activation: starting connection 'virbr0' (e840a871-c931-4d2c-be4e-f3d64eb011a1)
May  4 15:22:19 ol8 avahi-daemon[862]: Joining mDNS multicast group on interface virbr0.IPv4 with address 192.168.122.1.
May  4 15:22:19 ol8 NetworkManager[1057]: <info>  [1683188539.3034] device (virbr0): state change: disconnected -> prepare (reason 'none', sys-iface-state: 'external')
May  4 15:22:19 ol8 avahi-daemon[862]: New relevant interface virbr0.IPv4 for mDNS.
May  4 15:22:19 ol8 NetworkManager[1057]: <info>  [1683188539.3036] device (virbr0): state change: prepare -> config (reason 'none', sys-iface-state: 'external')
May  4 15:22:19 ol8 avahi-daemon[862]: Registering new address record for 192.168.122.1 on virbr0.IPv4.
May  4 15:22:19 ol8 NetworkManager[1057]: <info>  [1683188539.3037] device (virbr0): state change: config -> ip-config (reason 'none', sys-iface-state: 'external')
May  4 15:22:19 ol8 NetworkManager[1057]: <info>  [1683188539.3038] device (virbr0): state change: ip-config -> ip-check (reason 'none', sys-iface-state: 'external')
May  4 15:22:19 ol8 NetworkManager[1057]: <info>  [1683188539.3486] device (virbr0): state change: ip-check -> secondaries (reason 'none', sys-iface-state: 'external')
May  4 15:22:19 ol8 NetworkManager[1057]: <info>  [1683188539.3493] device (virbr0): state change: secondaries -> activated (reason 'none', sys-iface-state: 'external')
May  4 15:22:19 ol8 NetworkManager[1057]: <info>  [1683188539.3494] manager: NetworkManager state is now CONNECTED_LOCAL
May  4 15:22:19 ol8 NetworkManager[1057]: <info>  [1683188539.3499] device (virbr0): Activation: successful, device activated.
May  4 15:22:19 ol8 dnsmasq[1525]: started, version 2.79 cachesize 150
May  4 15:22:19 ol8 dnsmasq[1525]: compile time options: IPv6 GNU-getopt DBus no-i18n IDN2 DHCP DHCPv6 no-Lua TFTP no-conntrack ipset auth DNSSEC loop-detect inotify
May  4 15:22:19 ol8 dnsmasq-dhcp[1525]: DHCP, IP range 192.168.122.2 -- 192.168.122.254, lease time 1h
May  4 15:22:19 ol8 dnsmasq-dhcp[1525]: DHCP, sockets bound exclusively to interface virbr0
May  4 15:22:19 ol8 dnsmasq[1525]: reading /etc/resolv.conf
May  4 15:22:19 ol8 dnsmasq[1525]: using nameserver 192.168.32.35#53
May  4 15:22:19 ol8 dnsmasq[1525]: read /etc/hosts - 2 addresses
May  4 15:22:19 ol8 dnsmasq[1525]: read /var/lib/libvirt/dnsmasq/default.addnhosts - 0 addresses
May  4 15:22:19 ol8 dnsmasq-dhcp[1525]: read /var/lib/libvirt/dnsmasq/default.hostsfile
May  4 15:22:19 ol8 systemd[1]: iscsi.service: Unit cannot be reloaded because it is inactive.
